Component: ARM Compiler 5.06 update 4 (build 422) Tool: armlink [4d35d2]

==============================================================================

Section Cross References

    startup_stm32f10x_hd.o(RESET) refers to startup_stm32f10x_hd.o(STACK) for __initial_sp
    startup_stm32f10x_hd.o(RESET) refers to startup_stm32f10x_hd.o(.text) for Reset_Handler
    startup_stm32f10x_hd.o(RESET) refers to stm32f1xx_it.o(i.NMI_Handler) for NMI_Handler
    startup_stm32f10x_hd.o(RESET) refers to stm32f1xx_it.o(i.HardFault_Handler) for HardFault_Handler
    startup_stm32f10x_hd.o(RESET) refers to stm32f1xx_it.o(i.MemManage_Handler) for MemManage_Handler
    startup_stm32f10x_hd.o(RESET) refers to stm32f1xx_it.o(i.BusFault_Handler) for BusFault_Handler
    startup_stm32f10x_hd.o(RESET) refers to stm32f1xx_it.o(i.UsageFault_Handler) for UsageFault_Handler
    startup_stm32f10x_hd.o(RESET) refers to stm32f1xx_it.o(i.SVC_Handler) for SVC_Handler
    startup_stm32f10x_hd.o(RESET) refers to stm32f1xx_it.o(i.DebugMon_Handler) for DebugMon_Handler
    startup_stm32f10x_hd.o(RESET) refers to stm32f1xx_it.o(i.PendSV_Handler) for PendSV_Handler
    startup_stm32f10x_hd.o(RESET) refers to stm32f1xx_it.o(i.SysTick_Handler) for SysTick_Handler
    startup_stm32f10x_hd.o(RESET) refers to stm32f1xx_it.o(i.TIM2_IRQHandler) for TIM2_IRQHandler
    startup_stm32f10x_hd.o(RESET) refers to esp8266.o(i.USART1_IRQHandler) for USART1_IRQHandler
    startup_stm32f10x_hd.o(RESET) refers to stm32f1xx_it.o(i.USART2_IRQHandler) for USART2_IRQHandler
    startup_stm32f10x_hd.o(.text) refers to system_stm32f1xx.o(i.SystemInit) for SystemInit
    startup_stm32f10x_hd.o(.text) refers to entry.o(.ARM.Collect$$$$00000000) for __main
    lcd12864.o(i.GPIO_Configuration) refers to stm32f1xx_hal_gpio.o(i.HAL_GPIO_WritePin) for HAL_GPIO_WritePin
    lcd12864.o(i.GPIO_Configuration) refers to stm32f1xx_hal_gpio.o(i.HAL_GPIO_Init) for HAL_GPIO_Init
    lcd12864.o(i.LCD12864_Pos) refers to lcd12864.o(i.send_cmd) for send_cmd
    lcd12864.o(i.LCD12864_int) refers to lcd12864.o(i.GPIO_Configuration) for GPIO_Configuration
    lcd12864.o(i.LCD12864_int) refers to lcd12864.o(i.send_cmd) for send_cmd
    lcd12864.o(i.LCD12864_int) refers to lcd12864.o(i.delay20ms) for delay20ms
    lcd12864.o(i.LCD12864_write) refers to stm32f1xx_hal_gpio.o(i.HAL_GPIO_WritePin) for HAL_GPIO_WritePin
    lcd12864.o(i.LCD12864_write) refers to lcd12864.o(i.spi_function) for spi_function
    lcd12864.o(i.LCD12864_writebyte) refers to lcd12864.o(i.LCD12864_write) for LCD12864_write
    lcd12864.o(i.send_cmd) refers to stm32f1xx_hal_gpio.o(i.HAL_GPIO_WritePin) for HAL_GPIO_WritePin
    lcd12864.o(i.send_cmd) refers to lcd12864.o(i.spi_function) for spi_function
    lcd12864.o(i.show_word) refers to stm32f1xx_hal_gpio.o(i.HAL_GPIO_WritePin) for HAL_GPIO_WritePin
    lcd12864.o(i.show_word) refers to lcd12864.o(i.spi_function) for spi_function
    lcd12864.o(i.spi_function) refers to stm32f1xx_hal_gpio.o(i.HAL_GPIO_WritePin) for HAL_GPIO_WritePin
    lcd12864.o(i.spi_function) refers to lcd12864.o(i.delay100us) for delay100us
    main.o(i.Delete_all) refers to main.o(i.UartData) for UartData
    main.o(i.HAL_TIM_PeriodElapsedCallback) refers to stm32f1xx_hal_gpio.o(i.HAL_GPIO_WritePin) for HAL_GPIO_WritePin
    main.o(i.HAL_TIM_PeriodElapsedCallback) refers to main.o(.data) for .data
    main.o(i.HAL_UART_RxCpltCallback) refers to stm32f1xx_hal_uart.o(i.HAL_UART_Receive_IT) for HAL_UART_Receive_IT
    main.o(i.HAL_UART_RxCpltCallback) refers to esp8266.o(.data) for Onebyte
    main.o(i.HAL_UART_RxCpltCallback) refers to esp8266.o(.bss) for esp8266_buf
    main.o(i.HAL_UART_RxCpltCallback) refers to main.o(.bss) for .bss
    main.o(i.HAL_UART_RxCpltCallback) refers to main.o(.data) for .data
    main.o(i.Key_Dispose) refers to main.o(i.Key_assignment) for Key_assignment
    main.o(i.Key_Dispose) refers to main.o(.data) for .data
    main.o(i.Key_assignment) refers to stm32f1xx_hal_gpio.o(i.HAL_GPIO_WritePin) for HAL_GPIO_WritePin
    main.o(i.Key_assignment) refers to stm32f1xx_hal_gpio.o(i.HAL_GPIO_ReadPin) for HAL_GPIO_ReadPin
    main.o(i.Key_assignment) refers to main.o(.data) for .data
    main.o(i.MX_GPIO_Init) refers to stm32f1xx_hal_gpio.o(i.HAL_GPIO_Init) for HAL_GPIO_Init
    main.o(i.MX_TIM2_Init) refers to stm32f1xx_hal_tim.o(i.HAL_TIM_Base_Init) for HAL_TIM_Base_Init
    main.o(i.MX_TIM2_Init) refers to stm32f1xx_hal_tim.o(i.HAL_TIM_ConfigClockSource) for HAL_TIM_ConfigClockSource
    main.o(i.MX_TIM2_Init) refers to stm32f1xx_hal_tim_ex.o(i.HAL_TIMEx_MasterConfigSynchronization) for HAL_TIMEx_MasterConfigSynchronization
    main.o(i.MX_TIM2_Init) refers to main.o(.bss) for .bss
    main.o(i.Register) refers to main.o(i.UartData) for UartData
    main.o(i.Register) refers to main.o(.data) for .data
    main.o(i.Search) refers to main.o(i.UartData) for UartData
    main.o(i.Search) refers to main.o(.data) for .data
[...]
    Removing stm32f1xx_hal_cortex.o(i.HAL_NVIC_DisableIRQ), (34 bytes).
    Removing stm32f1xx_hal_cortex.o(i.HAL_NVIC_GetActive), (36 bytes).
    Removing stm32f1xx_hal_cortex.o(i.HAL_NVIC_GetPendingIRQ), (36 bytes).
    Removing stm32f1xx_hal_cortex.o(i.HAL_NVIC_GetPriority), (82 bytes).
    Removing stm32f1xx_hal_cortex.o(i.HAL_NVIC_GetPriorityGrouping), (16 bytes).
    Removing stm32f1xx_hal_cortex.o(i.HAL_NVIC_SetPendingIRQ), (26 bytes).
    Removing stm32f1xx_hal_cortex.o(i.HAL_NVIC_SystemReset), (36 bytes).
    Removing stm32f1xx_hal_cortex.o(i.HAL_SYSTICK_CLKSourceConfig), (24 bytes).
    Removing stm32f1xx_hal_cortex.o(i.HAL_SYSTICK_Callback), (2 bytes).
    Removing stm32f1xx_hal_cortex.o(i.HAL_SYSTICK_IRQHandler), (8 bytes).
    Removing stm32f1xx_hal_pwr.o(.rev16_text), (4 bytes).
    Removing stm32f1xx_hal_pwr.o(.revsh_text), (4 bytes).
    Removing stm32f1xx_hal_pwr.o(.rrx_text), (6 bytes).
    Removing stm32f1xx_hal_pwr.o(i.HAL_PWR_ConfigPVD), (124 bytes).
    Removing stm32f1xx_hal_pwr.o(i.HAL_PWR_DeInit), (24 bytes).
    Removing stm32f1xx_hal_pwr.o(i.HAL_PWR_DisableBkUpAccess), (12 bytes).
    Removing stm32f1xx_hal_pwr.o(i.HAL_PWR_DisablePVD), (12 bytes).
    Removing stm32f1xx_hal_pwr.o(i.HAL_PWR_DisableSEVOnPend), (16 bytes).
    Removing stm32f1xx_hal_pwr.o(i.HAL_PWR_DisableSleepOnExit), (16 bytes).
    Removing stm32f1xx_hal_pwr.o(i.HAL_PWR_DisableWakeUpPin), (28 bytes).
    Removing stm32f1xx_hal_pwr.o(i.HAL_PWR_EnableBkUpAccess), (12 bytes).
    Removing stm32f1xx_hal_pwr.o(i.HAL_PWR_EnablePVD), (12 bytes).
    Removing stm32f1xx_hal_pwr.o(i.HAL_PWR_EnableSEVOnPend), (16 bytes).
    Removing stm32f1xx_hal_pwr.o(i.HAL_PWR_EnableSleepOnExit), (16 bytes).
    Removing stm32f1xx_hal_pwr.o(i.HAL_PWR_EnableWakeUpPin), (28 bytes).
    Removing stm32f1xx_hal_pwr.o(i.HAL_PWR_EnterSLEEPMode), (32 bytes).
    Removing stm32f1xx_hal_pwr.o(i.HAL_PWR_EnterSTANDBYMode), (32 bytes).
    Removing stm32f1xx_hal_pwr.o(i.HAL_PWR_EnterSTOPMode), (68 bytes).
    Removing stm32f1xx_hal_pwr.o(i.HAL_PWR_PVDCallback), (2 bytes).
    Removing stm32f1xx_hal_pwr.o(i.HAL_PWR_PVD_IRQHandler), (28 bytes).
    Removing stm32f1xx_hal_pwr.o(i.PWR_OverloadWfe), (6 bytes).
    Removing stm32f1xx_hal_flash.o(.rev16_text), (4 bytes).
    Removing stm32f1xx_hal_flash.o(.revsh_text), (4 bytes).
    Removing stm32f1xx_hal_flash.o(.rrx_text), (6 bytes).
    Removing stm32f1xx_hal_flash.o(i.HAL_FLASH_EndOfOperationCallback), (2 bytes).
    Removing stm32f1xx_hal_flash.o(i.HAL_FLASH_GetError), (12 bytes).
    Removing stm32f1xx_hal_flash.o(i.HAL_FLASH_IRQHandler), (264 bytes).
    Removing stm32f1xx_hal_flash.o(i.HAL_FLASH_OB_Launch), (4 bytes).
    Removing stm32f1xx_hal_flash.o(i.HAL_FLASH_OB_Lock), (20 bytes).
    Removing stm32f1xx_hal_flash.o(i.HAL_FLASH_OB_Unlock), (36 bytes).
    Removing stm32f1xx_hal_flash.o(i.HAL_FLASH_OperationErrorCallback), (2 bytes).
    Removing stm32f1xx_hal_flash.o(i.HAL_FLASH_Program_IT), (100 bytes).
    Removing stm32f1xx_hal_flash_ex.o(.rev16_text), (4 bytes).
    Removing stm32f1xx_hal_flash_ex.o(.revsh_text), (4 bytes).
    Removing stm32f1xx_hal_flash_ex.o(.rrx_text), (6 bytes).
    Removing stm32f1xx_hal_flash_ex.o(i.FLASH_OB_DisableWRP), (176 bytes).
    Removing stm32f1xx_hal_flash_ex.o(i.FLASH_OB_EnableWRP), (176 bytes).
    Removing stm32f1xx_hal_flash_ex.o(i.FLASH_OB_GetRDP), (24 bytes).
    Removing stm32f1xx_hal_flash_ex.o(i.FLASH_OB_RDP_LevelConfig), (100 bytes).
    Removing stm32f1xx_hal_flash_ex.o(i.HAL_FLASHEx_Erase_IT), (84 bytes).
    Removing stm32f1xx_hal_flash_ex.o(i.HAL_FLASHEx_OBErase), (84 bytes).
    Removing stm32f1xx_hal_flash_ex.o(i.HAL_FLASHEx_OBGetConfig), (36 bytes).
    Removing stm32f1xx_hal_flash_ex.o(i.HAL_FLASHEx_OBGetUserData), (32 bytes).
    Removing stm32f1xx_hal_flash_ex.o(i.HAL_FLASHEx_OBProgram), (200 bytes).
    Removing stm32f1xx_hal_exti.o(.rev16_text), (4 bytes).
    Removing stm32f1xx_hal_exti.o(.revsh_text), (4 bytes).
    Removing stm32f1xx_hal_exti.o(.rrx_text), (6 bytes).
    Removing stm32f1xx_hal_exti.o(i.HAL_EXTI_ClearConfigLine), (104 bytes).
    Removing stm32f1xx_hal_exti.o(i.HAL_EXTI_ClearPending), (20 bytes).
    Removing stm32f1xx_hal_exti.o(i.HAL_EXTI_GenerateSWI), (20 bytes).
    Removing stm32f1xx_hal_exti.o(i.HAL_EXTI_GetConfigLine), (152 bytes).
    Removing stm32f1xx_hal_exti.o(i.HAL_EXTI_GetHandle), (12 bytes).
    Removing stm32f1xx_hal_exti.o(i.HAL_EXTI_GetPending), (24 bytes).
    Removing stm32f1xx_hal_exti.o(i.HAL_EXTI_IRQHandler), (36 bytes).
    Removing stm32f1xx_hal_exti.o(i.HAL_EXTI_RegisterCallback), (14 bytes).
    Removing stm32f1xx_hal_exti.o(i.HAL_EXTI_SetConfigLine), (164 bytes).
    Removing stm32f1xx_hal_uart.o(.rev16_text), (4 bytes).
    Removing stm32f1xx_hal_uart.o(.revsh_text), (4 bytes).
    Removing stm32f1xx_hal_uart.o(.rrx_text), (6 bytes).
    Removing stm32f1xx_hal_uart.o(i.HAL_HalfDuplex_EnableReceiver), (50 bytes).
    Removing stm32f1xx_hal_uart.o(i.HAL_HalfDuplex_EnableTransmitter), (50 bytes).
    Removing stm32f1xx_hal_uart.o(i.HAL_HalfDuplex_Init), (108 bytes).
    Removing stm32f1xx_hal_uart.o(i.HAL_LIN_Init), (128 bytes).
    Removing stm32f1xx_hal_uart.o(i.HAL_LIN_SendBreak), (46 bytes).
    Removing stm32f1xx_hal_uart.o(i.HAL_MultiProcessor_EnterMuteMode), (46 bytes).
    Removing stm32f1xx_hal_uart.o(i.HAL_MultiProcessor_ExitMuteMode), (46 bytes).
    Removing stm32f1xx_hal_uart.o(i.HAL_UART_Abort), (138 bytes).
    Removing stm32f1xx_hal_uart.o(i.HAL_UART_AbortCpltCallback), (2 bytes).
    Removing stm32f1xx_hal_uart.o(i.HAL_UART_AbortReceive), (88 bytes).
    Removing stm32f1xx_hal_uart.o(i.HAL_UART_AbortReceiveCpltCallback), (2 bytes).
    Removing stm32f1xx_hal_uart.o(i.HAL_UART_AbortReceive_IT), (92 bytes).
    Removing stm32f1xx_hal_uart.o(i.HAL_UART_AbortTransmit), (78 bytes).
    Removing stm32f1xx_hal_uart.o(i.HAL_UART_AbortTransmitCpltCallback), (2 bytes).
    Removing stm32f1xx_hal_uart.o(i.HAL_UART_AbortTransmit_IT), (84 bytes).
    Removing stm32f1xx_hal_uart.o(i.HAL_UART_Abort_IT), (172 bytes).
    Removing stm32f1xx_hal_uart.o(i.HAL_UART_DMAPause), (102 bytes).
    Removing stm32f1xx_hal_uart.o(i.HAL_UART_DMAResume), (94 bytes).
    Removing stm32f1xx_hal_uart.o(i.HAL_UART_DMAStop), (88 bytes).
    Removing stm32f1xx_hal_uart.o(i.HAL_UART_DeInit), (50 bytes).
    Removing stm32f1xx_hal_uart.o(i.HAL_UART_GetError), (4 bytes).
    Removing stm32f1xx_hal_uart.o(i.HAL_UART_MspDeInit), (2 bytes).
    Removing stm32f1xx_hal_uart.o(i.HAL_UART_MspInit), (2 bytes).
    Removing stm32f1xx_hal_uart.o(i.HAL_UART_Receive), (184 bytes).
    Removing stm32f1xx_hal_uart.o(i.HAL_UART_Receive_DMA), (152 bytes).
    Removing stm32f1xx_hal_uart.o(i.HAL_UART_RxCpltCallback), (2 bytes).
    Removing stm32f1xx_hal_uart.o(i.HAL_UART_RxHalfCpltCallback), (2 bytes).
    Removing stm32f1xx_hal_uart.o(i.HAL_UART_Transmit_DMA), (128 bytes).
    Removing stm32f1xx_hal_uart.o(i.HAL_UART_TxHalfCpltCallback), (2 bytes).
    Removing stm32f1xx_hal_uart.o(i.UART_DMAError), (74 bytes).
    Removing stm32f1xx_hal_uart.o(i.UART_DMAReceiveCplt), (60 bytes).
    Removing stm32f1xx_hal_uart.o(i.UART_DMARxAbortCallback), (42 bytes).
    Removing stm32f1xx_hal_uart.o(i.UART_DMARxHalfCplt), (10 bytes).
    Removing stm32f1xx_hal_uart.o(i.UART_DMARxOnlyAbortCallback), (20 bytes).
    Removing stm32f1xx_hal_uart.o(i.UART_DMATransmitCplt), (46 bytes).
    Removing stm32f1xx_hal_uart.o(i.UART_DMATxAbortCallback), (42 bytes).
    Removing stm32f1xx_hal_uart.o(i.UART_DMATxHalfCplt), (10 bytes).
    Removing stm32f1xx_hal_uart.o(i.UART_DMATxOnlyAbortCallback), (20 bytes).
    Removing stm32f1xx_hal_uart.o(i.UART_EndTxTransfer), (18 bytes).
    Removing system_stm32f1xx.o(.rev16_text), (4 bytes).
    Removing system_stm32f1xx.o(.revsh_text), (4 bytes).
    Removing system_stm32f1xx.o(.rrx_text), (6 bytes).
    Removing system_stm32f1xx.o(i.SystemCoreClockUpdate), (104 bytes).
    Removing dadd.o(.text), (334 bytes).
    Removing dmul.o(.text), (228 bytes).
    Removing ddiv.o(.text), (222 bytes).
    Removing dfixul.o(.text), (48 bytes).
    Removing cdrcmple.o(.text), (48 bytes).
    Removing depilogue.o(.text), (186 bytes).

377 unused section(s) (total 22640 bytes) removed from the image.

==============================================================================

Image Symbol Table

    Local Symbols

    Symbol Name                              Value     Ov Type        Size  Object(Section)

    ../Drivers/STM32F1xx_HAL_Driver/Src/stm32f1xx_hal.c 0x00000000   Number         0  stm32f1xx_hal.o ABSOLUTE
    ../Drivers/STM32F1xx_HAL_Driver/Src/stm32f1xx_hal_cortex.c 0x00000000   Number         0  stm32f1xx_hal_cortex.o ABSOLUTE
    ../Drivers/STM32F1xx_HAL_Driver/Src/stm32f1xx_hal_dma.c 0x00000000   Number         0  stm32f1xx_hal_dma.o ABSOLUTE
    ../Drivers/STM32F1xx_HAL_Driver/Src/stm32f1xx_hal_exti.c 0x00000000   Number         0  stm32f1xx_hal_exti.o ABSOLUTE
    ../Drivers/STM32F1xx_HAL_Driver/Src/stm32f1xx_hal_flash.c 0x00000000   Number         0  stm32f1xx_hal_flash.o ABSOLUTE
    ../Drivers/STM32F1xx_HAL_Driver/Src/stm32f1xx_hal_flash_ex.c 0x00000000   Number         0  stm32f1xx_hal_flash_ex.o ABSOLUTE
    ../Drivers/STM32F1xx_HAL_Driver/Src/stm32f1xx_hal_gpio.c 0x00000000   Number         0  stm32f1xx_hal_gpio.o ABSOLUTE
    ../Drivers/STM32F1xx_HAL_Driver/Src/stm32f1xx_hal_gpio_ex.c 0x00000000   Number         0  stm32f1xx_hal_gpio_ex.o ABSOLUTE
    ../Drivers/STM32F1xx_HAL_Driver/Src/stm32f1xx_hal_pwr.c 0x00000000   Number         0  stm32f1xx_hal_pwr.o ABSOLUTE
    ../Drivers/STM32F1xx_HAL_Driver/Src/stm32f1xx_hal_rcc.c 0x00000000   Number         0  stm32f1xx_hal_rcc.o ABSOLUTE
    ../Drivers/STM32F1xx_HAL_Driver/Src/stm32f1xx_hal_rcc_ex.c 0x00000000   Number         0  stm32f1xx_hal_rcc_ex.o ABSOLUTE
    ../Drivers/STM32F1xx_HAL_Driver/Src/stm32f1xx_hal_tim.c 0x00000000   Number         0  stm32f1xx_hal_tim.o ABSOLUTE
    ../Drivers/STM32F1xx_HAL_Driver/Src/stm32f1xx_hal_tim_ex.c 0x00000000   Number         0  stm32f1xx_hal_tim_ex.o ABSOLUTE
    ../Drivers/STM32F1xx_HAL_Driver/Src/stm32f1xx_hal_uart.c 0x00000000   Number         0  stm32f1xx_hal_uart.o ABSOLUTE
    ../Src/main.c                            0x00000000   Number         0  main.o ABSOLUTE
    ../Src/stm32f1xx_hal_msp.c               0x00000000   Number         0  stm32f1xx_hal_msp.o ABSOLUTE
    ../Src/stm32f1xx_it.c                    0x00000000   Number         0  stm32f1xx_it.o ABSOLUTE
    ../Src/system_stm32f1xx.c                0x00000000   Number         0  system_stm32f1xx.o ABSOLUTE
    ../clib/microlib/division.c              0x00000000   Number         0  uidiv.o ABSOLUTE
    ../clib/microlib/division.c              0x00000000   Number         0  uldiv.o ABSOLUTE
    ../clib/microlib/init/entry.s            0x00000000   Number         0  entry2.o ABSOLUTE
    ../clib/microlib/init/entry.s            0x00000000   Number         0  entry7b.o ABSOLUTE
    ../clib/microlib/init/entry.s            0x00000000   Number         0  entry7a.o ABSOLUTE
    ../clib/microlib/init/entry.s            0x00000000   Number         0  entry.o ABSOLUTE
    ../clib/microlib/init/entry.s            0x00000000   Number         0  entry5.o ABSOLUTE
    ../clib/microlib/init/entry.s            0x00000000   Number         0  entry11b.o ABSOLUTE
    ../clib/microlib/init/entry.s            0x00000000   Number         0  entry8a.o ABSOLUTE
    ../clib/microlib/init/entry.s            0x00000000   Number         0  entry11a.o ABSOLUTE
    ../clib/microlib/init/entry.s            0x00000000   Number         0  entry10b.o ABSOLUTE
    ../clib/microlib/init/entry.s            0x00000000   Number         0  entry10a.o ABSOLUTE
    ../clib/microlib/init/entry.s            0x00000000   Number         0  entry9b.o ABSOLUTE
    ../clib/microlib/init/entry.s            0x00000000   Number         0  entry9a.o ABSOLUTE
    ../clib/microlib/init/entry.s            0x00000000   Number         0  entry8b.o ABSOLUTE
    ../clib/microlib/longlong.c              0x00000000   Number         0  llushr.o ABSOLUTE
    ../clib/microlib/longlong.c              0x00000000   Number         0  llsshr.o ABSOLUTE
    ../clib/microlib/longlong.c              0x00000000   Number         0  llshl.o ABSOLUTE
    ../clib/microlib/malloc/malloc.c         0x00000000   Number         0  malloca.o ABSOLUTE
    ../clib/microlib/malloc/malloc.c         0x00000000   Number         0  mallocr.o ABSOLUTE
    ../clib/microlib/malloc/malloc.c         0x00000000   Number         0  malloc.o ABSOLUTE
    ../clib/microlib/malloc/malloc.c         0x00000000   Number         0  mallocra.o ABSOLUTE
    ../clib/microlib/malloc/mvars.c          0x00000000   Number         0  mvars.o ABSOLUTE
    ../clib/microlib/printf/printf.c         0x00000000   Number         0  printf8.o ABSOLUTE
    ../clib/microlib/printf/printf.c         0x00000000   Number         0  printfa.o ABSOLUTE
    ../clib/microlib/printf/printf.c         0x00000000   Number         0  printf2.o ABSOLUTE
    ../clib/microlib/printf/printf.c         0x00000000   Number         0  printf5.o ABSOLUTE
    ../clib/microlib/printf/printf.c         0x00000000   Number         0  printf1.o ABSOLUTE
    ../clib/microlib/printf/printf.c         0x00000000   Number         0  printf3.o ABSOLUTE
    ../clib/microlib/printf/printf.c         0x00000000   Number         0  printf6.o ABSOLUTE
    ../clib/microlib/printf/printf.c         0x00000000   Number         0  printf7.o ABSOLUTE
    ../clib/microlib/printf/printf.c         0x00000000   Number         0  printf0.o ABSOLUTE
    ../clib/microlib/printf/printf.c         0x00000000   Number         0  printfb.o ABSOLUTE
    ../clib/microlib/printf/printf.c         0x00000000   Number         0  printf4.o ABSOLUTE
    ../clib/microlib/printf/stubs.s          0x00000000   Number         0  stubs.o ABSOLUTE
    ../clib/microlib/stdio/fputc.c           0x00000000   Number         0  fputc.o ABSOLUTE
    ../clib/microlib/stdio/semi.s            0x00000000   Number         0  semi.o ABSOLUTE
    ../clib/microlib/stdio/streams.c         0x00000000   Number         0  stdout.o ABSOLUTE
    ../clib/microlib/string/memcpy.c         0x00000000   Number         0  memcpyb.o ABSOLUTE
    ../clib/microlib/string/memcpy.c         0x00000000   Number         0  memcpya.o ABSOLUTE
    ../clib/microlib/string/memset.c         0x00000000   Number         0  memseta.o ABSOLUTE
    ../clib/microlib/string/strcat.c         0x00000000   Number         0  strcat.o ABSOLUTE
    ../clib/microlib/string/strchr.c         0x00000000   Number         0  strchr.o ABSOLUTE
    ../clib/microlib/string/strcpy.c         0x00000000   Number         0  strcpy.o ABSOLUTE
    ../clib/microlib/string/strlen.c         0x00000000   Number         0  strlen.o ABSOLUTE
    ../clib/microlib/string/strncat.c        0x00000000   Number         0  strncat.o ABSOLUTE
    ../clib/microlib/string/strstr.c         0x00000000   Number         0  strstr.o ABSOLUTE
    ../clib/microlib/stubs.s                 0x00000000   Number         0  iusefp.o ABSOLUTE
    ../clib/microlib/stubs.s                 0x00000000   Number         0  iusesemip.o ABSOLUTE
    ../fplib/microlib/fpadd.c                0x00000000   Number         0  dadd.o ABSOLUTE
    ../fplib/microlib/fpdiv.c                0x00000000   Number         0  ddiv.o ABSOLUTE
    ../fplib/microlib/fpepilogue.c           0x00000000   Number         0  depilogue.o ABSOLUTE
    ../fplib/microlib/fpfix.c                0x00000000   Number         0  dfixul.o ABSOLUTE
    ../fplib/microlib/fpmul.c                0x00000000   Number         0  dmul.o ABSOLUTE
    ..\Drivers\STM32F1xx_HAL_Driver\Src\stm32f1xx_hal.c 0x00000000   Number         0  stm32f1xx_hal.o ABSOLUTE
    ..\Drivers\STM32F1xx_HAL_Driver\Src\stm32f1xx_hal_cortex.c 0x00000000   Number         0  stm32f1xx_hal_cortex.o ABSOLUTE
    ..\Drivers\STM32F1xx_HAL_Driver\Src\stm32f1xx_hal_dma.c 0x00000000   Number         0  stm32f1xx_hal_dma.o ABSOLUTE
    ..\Drivers\STM32F1xx_HAL_Driver\Src\stm32f1xx_hal_exti.c 0x00000000   Number         0  stm32f1xx_hal_exti.o ABSOLUTE
    ..\Drivers\STM32F1xx_HAL_Driver\Src\stm32f1xx_hal_flash.c 0x00000000   Number         0  stm32f1xx_hal_flash.o ABSOLUTE
    ..\Drivers\STM32F1xx_HAL_Driver\Src\stm32f1xx_hal_flash_ex.c 0x00000000   Number         0  stm32f1xx_hal_flash_ex.o ABSOLUTE
    ..\Drivers\STM32F1xx_HAL_Driver\Src\stm32f1xx_hal_gpio.c 0x00000000   Number         0  stm32f1xx_hal_gpio.o ABSOLUTE
    ..\Drivers\STM32F1xx_HAL_Driver\Src\stm32f1xx_hal_gpio_ex.c 0x00000000   Number         0  stm32f1xx_hal_gpio_ex.o ABSOLUTE
    ..\Drivers\STM32F1xx_HAL_Driver\Src\stm32f1xx_hal_pwr.c 0x00000000   Number         0  stm32f1xx_hal_pwr.o ABSOLUTE
    ..\Drivers\STM32F1xx_HAL_Driver\Src\stm32f1xx_hal_rcc.c 0x00000000   Number         0  stm32f1xx_hal_rcc.o ABSOLUTE
    ..\Drivers\STM32F1xx_HAL_Driver\Src\stm32f1xx_hal_rcc_ex.c 0x00000000   Number         0  stm32f1xx_hal_rcc_ex.o ABSOLUTE
    ..\Drivers\STM32F1xx_HAL_Driver\Src\stm32f1xx_hal_tim.c 0x00000000   Number         0  stm32f1xx_hal_tim.o ABSOLUTE
    ..\Drivers\STM32F1xx_HAL_Driver\Src\stm32f1xx_hal_tim_ex.c 0x00000000   Number         0  stm32f1xx_hal_tim_ex.o ABSOLUTE
    ..\Drivers\STM32F1xx_HAL_Driver\Src\stm32f1xx_hal_uart.c 0x00000000   Number         0  stm32f1xx_hal_uart.o ABSOLUTE
    ..\NET\MQTT\MqttKit.c                    0x00000000   Number         0  mqttkit.o ABSOLUTE
    ..\NET\device\esp8266.c                  0x00000000   Number         0  esp8266.o ABSOLUTE
    ..\NET\onenet\onenet.c                   0x00000000   Number         0  onenet.o ABSOLUTE
    ..\Src\main.c                            0x00000000   Number         0  main.o ABSOLUTE
    ..\Src\stm32f1xx_hal_msp.c               0x00000000   Number         0  stm32f1xx_hal_msp.o ABSOLUTE
    ..\Src\stm32f1xx_it.c                    0x00000000   Number         0  stm32f1xx_it.o ABSOLUTE
    ..\Src\system_stm32f1xx.c                0x00000000   Number         0  system_stm32f1xx.o ABSOLUTE
    ..\\NET\\device\\esp8266.c               0x00000000   Number         0  esp8266.o ABSOLUTE
    ..\\NET\\onenet\\onenet.c                0x00000000   Number         0  onenet.o ABSOLUTE
    LCD12864\LCD12864.c                      0x00000000   Number         0  lcd12864.o ABSOLUTE
    LCD12864\\LCD12864.c                     0x00000000   Number         0  lcd12864.o ABSOLUTE
    cdrcmple.s                               0x00000000   Number         0  cdrcmple.o ABSOLUTE
    dc.s                                     0x00000000   Number         0  dc.o ABSOLUTE
    handlers.s                               0x00000000   Number         0  handlers.o ABSOLUTE
    init.s                                   0x00000000   Number         0  init.o ABSOLUTE
    startup_stm32f10x_hd.s                   0x00000000   Number         0  startup_stm32f10x_hd.o ABSOLUTE
    RESET                                    0x08000000   Section      304  startup_stm32f10x_hd.o(RESET)
    .ARM.Collect$$$$00000000                 0x08000130   Section        0  entry.o(.ARM.Collect$$$$00000000)
    .ARM.Collect$$$$00000001                 0x08000130   Section        4  entry2.o(.ARM.Collect$$$$00000001)
    .ARM.Collect$$$$00000004                 0x08000134   Section        4  entry5.o(.ARM.Collect$$$$00000004)
    .ARM.Collect$$$$00000008                 0x08000138   Section        0  entry7b.o(.ARM.Collect$$$$00000008)
    .ARM.Collect$$$$0000000A                 0x08000138   Section        0  entry8b.o(.ARM.Collect$$$$0000000A)
    .ARM.Collect$$$$0000000B                 0x08000138   Section        8  entry9a.o(.ARM.Collect$$$$0000000B)
    .ARM.Collect$$$$0000000D                 0x08000140   Section        0  entry10a.o(.ARM.Collect$$$$0000000D)
    .ARM.Collect$$$$0000000F                 0x08000140   Section        0  entry11a.o(.ARM.Collect$$$$0000000F)
    .ARM.Collect$$$$00002712                 0x08000140   Section        4  entry2.o(.ARM.Collect$$$$00002712)
    __lit__00000000                          0x08000140   Data           4  entry2.o(.ARM.Collect$$$$00002712)
    .text                                    0x08000144   Section       36  startup_stm32f10x_hd.o(.text)
    .text                                    0x08000168   Section        0  llushr.o(.text)
    .text                                    0x08000188   Section        0  memcpya.o(.text)
    .text                                    0x080001ac   Section        0  memseta.o(.text)
    .text                                    0x080001d0   Section        0  strcat.o(.text)
    .text                                    0x080001e8   Section        0  strstr.o(.text)
    .text                                    0x0800020c   Section        0  strchr.o(.text)
    .text                                    0x08000220   Section        0  strlen.o(.text)
    .text                                    0x0800022e   Section        0  strncat.o(.text)
    .text                                    0x08000256   Section        0  strcpy.o(.text)
    .text                                    0x08000268   Section        0  uidiv.o(.text)
    .text                                    0x08000294   Section       36  init.o(.text)
    i.BusFault_Handler                       0x080002b8   Section        0  stm32f1xx_it.o(i.BusFault_Handler)
    i.DebugMon_Handler                       0x080002ba   Section        0  stm32f1xx_it.o(i.DebugMon_Handler)
    i.Delete_all                             0x080002bc   Section        0  main.o(i.Delete_all)
    i.ESP8266_Clear                          0x0800030c   Section        0  esp8266.o(i.ESP8266_Clear)
    i.ESP8266_GetIPD                         0x08000328   Section        0  esp8266.o(i.ESP8266_GetIPD)
    i.ESP8266_Init                           0x08000368   Section        0  esp8266.o(i.ESP8266_Init)
    i.ESP8266_SendCmd                        0x080003ec   Section        0  esp8266.o(i.ESP8266_SendCmd)
    i.ESP8266_SendData                       0x08000430   Section        0  esp8266.o(i.ESP8266_SendData)
    i.ESP8266_WaitRecive                     0x08000474   Section        0  esp8266.o(i.ESP8266_WaitRecive)
    i.FLASH_MassErase                        0x08000494   Section        0  stm32f1xx_hal_flash_ex.o(i.FLASH_MassErase)
    FLASH_MassErase                          0x08000495   Thumb Code    26  stm32f1xx_hal_flash_ex.o(i.FLASH_MassErase)
    i.FLASH_PageErase                        0x080004b8   Section        0  stm32f1xx_hal_flash_ex.o(i.FLASH_PageErase)
    i.FLASH_Program_HalfWord                 0x080004dc   Section        0  stm32f1xx_hal_flash.o(i.FLASH_Program_HalfWord)
    FLASH_Program_HalfWord                   0x080004dd   Thumb Code    20  stm32f1xx_hal_flash.o(i.FLASH_Program_HalfWord)
    i.FLASH_SetErrorCode                     0x080004f8   Section        0  stm32f1xx_hal_flash.o(i.FLASH_SetErrorCode)
    FLASH_SetErrorCode                       0x080004f9   Thumb Code    84  stm32f1xx_hal_flash.o(i.FLASH_SetErrorCode)
    i.FLASH_WaitForLastOperation             0x08000554   Section        0  stm32f1xx_hal_flash.o(i.FLASH_WaitForLastOperation)
    i.GPIO_Configuration                     0x080005a8   Section        0  lcd12864.o(i.GPIO_Configuration)
    i.HAL_DMA_Abort_IT                       0x080005ec   Section        0  stm32f1xx_hal_dma.o(i.HAL_DMA_Abort_IT)
    i.HAL_Delay                              0x08000684   Section        0  stm32f1xx_hal.o(i.HAL_Delay)
    i.HAL_FLASHEx_Erase                      0x080006a8   Section        0  stm32f1xx_hal_flash_ex.o(i.HAL_FLASHEx_Erase)
    i.HAL_FLASH_Lock                         0x08000750   Section        0  stm32f1xx_hal_flash.o(i.HAL_FLASH_Lock)
    i.HAL_FLASH_Program                      0x08000764   Section        0  stm32f1xx_hal_flash.o(i.HAL_FLASH_Program)
    i.HAL_FLASH_Unlock                       0x080007e4   Section        0  stm32f1xx_hal_flash.o(i.HAL_FLASH_Unlock)
    i.HAL_GPIO_Init                          0x0800080c   Section        0  stm32f1xx_hal_gpio.o(i.HAL_GPIO_Init)
    i.HAL_GPIO_ReadPin                       0x080009ec   Section        0  stm32f1xx_hal_gpio.o(i.HAL_GPIO_ReadPin)
    i.HAL_GPIO_WritePin                      0x080009f6   Section        0  stm32f1xx_hal_gpio.o(i.HAL_GPIO_WritePin)
    i.HAL_GetTick                            0x08000a00   Section        0  stm32f1xx_hal.o(i.HAL_GetTick)
    i.HAL_IncTick                            0x08000a0c   Section        0  stm32f1xx_hal.o(i.HAL_IncTick)
    i.HAL_Init                               0x08000a1c   Section        0  stm32f1xx_hal.o(i.HAL_Init)
    i.HAL_InitTick                           0x08000a40   Section        0  stm32f1xx_hal.o(i.HAL_InitTick)
    i.HAL_MspInit                            0x08000a80   Section        0  stm32f1xx_hal_msp.o(i.HAL_MspInit)
    i.HAL_MultiProcessor_Init                0x08000abc   Section        0  stm32f1xx_hal_uart.o(i.HAL_MultiProcessor_Init)
    i.HAL_NVIC_EnableIRQ                     0x08000b4a   Section        0  stm32f1xx_hal_cortex.o(i.HAL_NVIC_EnableIRQ)
    i.HAL_NVIC_SetPriority                   0x08000b64   Section        0  stm32f1xx_hal_cortex.o(i.HAL_NVIC_SetPriority)
    i.HAL_NVIC_SetPriorityGrouping           0x08000ba4   Section        0  stm32f1xx_hal_cortex.o(i.HAL_NVIC_SetPriorityGrouping)
    i.HAL_RCC_ClockConfig                    0x08000bc8   Section        0  stm32f1xx_hal_rcc.o(i.HAL_RCC_ClockConfig)
    i.HAL_RCC_GetPCLK1Freq                   0x08000cf4   Section        0  stm32f1xx_hal_rcc.o(i.HAL_RCC_GetPCLK1Freq)
    i.HAL_RCC_GetPCLK2Freq                   0x08000d14   Section        0  stm32f1xx_hal_rcc.o(i.HAL_RCC_GetPCLK2Freq)
    i.HAL_RCC_GetSysClockFreq                0x08000d34   Section        0  stm32f1xx_hal_rcc.o(i.HAL_RCC_GetSysClockFreq)
    i.HAL_RCC_OscConfig                      0x08000da0   Section        0  stm32f1xx_hal_rcc.o(i.HAL_RCC_OscConfig)
    i.HAL_SYSTICK_Config                     0x080010c0   Section        0  stm32f1xx_hal_cortex.o(i.HAL_SYSTICK_Config)
    i.HAL_TIMEx_BreakCallback                0x080010e8   Section        0  stm32f1xx_hal_tim_ex.o(i.HAL_TIMEx_BreakCallback)
    i.HAL_TIMEx_CommutCallback               0x080010ea   Section        0  stm32f1xx_hal_tim_ex.o(i.HAL_TIMEx_CommutCallback)
    i.HAL_TIMEx_MasterConfigSynchronization  0x080010ec   Section        0  stm32f1xx_hal_tim_ex.o(i.HAL_TIMEx_MasterConfigSynchronization)
    i.HAL_TIM_Base_Init                      0x0800112e   Section        0  stm32f1xx_hal_tim.o(i.HAL_TIM_Base_Init)
    i.HAL_TIM_Base_MspInit                   0x08001164   Section        0  stm32f1xx_hal_msp.o(i.HAL_TIM_Base_MspInit)
    i.HAL_TIM_Base_Start_IT                  0x0800119c   Section        0  stm32f1xx_hal_tim.o(i.HAL_TIM_Base_Start_IT)
    i.HAL_TIM_ConfigClockSource              0x080011be   Section        0  stm32f1xx_hal_tim.o(i.HAL_TIM_ConfigClockSource)
    i.HAL_TIM_IC_CaptureCallback             0x08001294   Section        0  stm32f1xx_hal_tim.o(i.HAL_TIM_IC_CaptureCallback)
    i.HAL_TIM_IRQHandler                     0x08001296   Section        0  stm32f1xx_hal_tim.o(i.HAL_TIM_IRQHandler)
    i.HAL_TIM_OC_DelayElapsedCallback        0x080013fc   Section        0  stm32f1xx_hal_tim.o(i.HAL_TIM_OC_DelayElapsedCallback)
    i.HAL_TIM_PWM_PulseFinishedCallback      0x080013fe   Section        0  stm32f1xx_hal_tim.o(i.HAL_TIM_PWM_PulseFinishedCallback)
    i.HAL_TIM_PeriodElapsedCallback          0x08001400   Section        0  main.o(i.HAL_TIM_PeriodElapsedCallback)
    i.HAL_TIM_TriggerCallback                0x080014cc   Section        0  stm32f1xx_hal_tim.o(i.HAL_TIM_TriggerCallback)
    i.HAL_UART_ErrorCallback                 0x080014ce   Section        0  stm32f1xx_hal_uart.o(i.HAL_UART_ErrorCallback)
    i.HAL_UART_GetState                      0x080014d0   Section        0  stm32f1xx_hal_uart.o(i.HAL_UART_GetState)
    i.HAL_UART_IRQHandler                    0x080014dc   Section        0  stm32f1xx_hal_uart.o(i.HAL_UART_IRQHandler)
    i.HAL_UART_Init                          0x080015ec   Section        0  stm32f1xx_hal_uart.o(i.HAL_UART_Init)
    i.HAL_UART_MspInit                       0x08001650   Section        0  stm32f1xx_hal_msp.o(i.HAL_UART_MspInit)
    i.HAL_UART_Receive_IT                    0x08001728   Section        0  stm32f1xx_hal_uart.o(i.HAL_UART_Receive_IT)
    i.HAL_UART_RxCpltCallback                0x0800177c   Section        0  main.o(i.HAL_UART_RxCpltCallback)
    i.HAL_UART_Transmit                      0x080018fc   Section        0  stm32f1xx_hal_uart.o(i.HAL_UART_Transmit)
    i.HAL_UART_Transmit_IT                   0x080019b6   Section        0  stm32f1xx_hal_uart.o(i.HAL_UART_Transmit_IT)
    i.HAL_UART_TxCpltCallback                0x080019f4   Section        0  stm32f1xx_hal_uart.o(i.HAL_UART_TxCpltCallback)
    i.HardFault_Handler                      0x080019f6   Section        0  stm32f1xx_it.o(i.HardFault_Handler)
    i.Key_Dispose                            0x080019f8   Section        0  main.o(i.Key_Dispose)
    i.Key_assignment                         0x08001acc   Section        0  main.o(i.Key_assignment)
    i.LCD12864_Pos                           0x08001c48   Section        0  lcd12864.o(i.LCD12864_Pos)
    i.LCD12864_int                           0x08001c7e   Section        0  lcd12864.o(i.LCD12864_int)
    i.LCD12864_write                         0x08001cbc   Section        0  lcd12864.o(i.LCD12864_write)
    i.LCD12864_writebyte                     0x08001cfc   Section        0  lcd12864.o(i.LCD12864_writebyte)
    i.MQTT_DeleteBuffer                      0x08001d12   Section        0  mqttkit.o(i.MQTT_DeleteBuffer)
    i.MQTT_DumpLength                        0x08001d30   Section        0  mqttkit.o(i.MQTT_DumpLength)
    i.MQTT_NewBuffer                         0x08001d56   Section        0  mqttkit.o(i.MQTT_NewBuffer)
    i.MQTT_PacketCmdResp                     0x08001da8   Section        0  mqttkit.o(i.MQTT_PacketCmdResp)
    i.MQTT_PacketConnect                     0x08001e24   Section        0  mqttkit.o(i.MQTT_PacketConnect)
    i.MQTT_PacketPing                        0x08002088   Section        0  mqttkit.o(i.MQTT_PacketPing)
    i.MQTT_PacketPublish                     0x080020b4   Section        0  mqttkit.o(i.MQTT_PacketPublish)
    i.MQTT_PacketSaveData                    0x08002208   Section        0  mqttkit.o(i.MQTT_PacketSaveData)
    i.MQTT_ReadLength                        0x08002258   Section        0  mqttkit.o(i.MQTT_ReadLength)
    i.MQTT_UnPacketCmd                       0x08002296   Section        0  mqttkit.o(i.MQTT_UnPacketCmd)
    i.MQTT_UnPacketConnectAck                0x08002318   Section        0  mqttkit.o(i.MQTT_UnPacketConnectAck)
    i.MQTT_UnPacketPublishAck                0x08002332   Section        0  mqttkit.o(i.MQTT_UnPacketPublishAck)
    i.MQTT_UnPacketRecv                      0x0800234c   Section        0  mqttkit.o(i.MQTT_UnPacketRecv)
    i.MX_GPIO_Init                           0x080023ac   Section        0  main.o(i.MX_GPIO_Init)
    MX_GPIO_Init                             0x080023ad   Thumb Code   136  main.o(i.MX_GPIO_Init)
    i.MX_TIM2_Init                           0x08002440   Section        0  main.o(i.MX_TIM2_Init)
    MX_TIM2_Init                             0x08002441   Thumb Code    90  main.o(i.MX_TIM2_Init)
    i.MemManage_Handler                      0x080024a0   Section        0  stm32f1xx_it.o(i.MemManage_Handler)
    i.NMI_Handler                            0x080024a2   Section        0  stm32f1xx_it.o(i.NMI_Handler)
    i.OneNet_DevLink                         0x080024a4   Section        0  onenet.o(i.OneNet_DevLink)
    i.OneNet_FillBuf                         0x0800252c   Section        0  onenet.o(i.OneNet_FillBuf)
    i.OneNet_Ping                            0x080025c4   Section        0  onenet.o(i.OneNet_Ping)
    i.OneNet_RevPro                          0x080025f0   Section        0  onenet.o(i.OneNet_RevPro)
    i.OneNet_SendData                        0x080026a0   Section        0  onenet.o(i.OneNet_SendData)
    i.PendSV_Handler                         0x08002710   Section        0  stm32f1xx_it.o(i.PendSV_Handler)
    i.Register                               0x08002714   Section        0  main.o(i.Register)
    i.SVC_Handler                            0x08002774   Section        0  stm32f1xx_it.o(i.SVC_Handler)
    i.Search                                 0x08002778   Section        0  main.o(i.Search)
    i.Single_Deletion                        0x08002898   Section        0  main.o(i.Single_Deletion)
    i.SysTick_Handler                        0x08002904   Section        0  stm32f1xx_it.o(i.SysTick_Handler)
    i.SystemClock_Config                     0x08002908   Section        0  main.o(i.SystemClock_Config)
    i.SystemInit                             0x08002960   Section        0  system_stm32f1xx.o(i.SystemInit)
    i.TIM2_IRQHandler                        0x080029a8   Section        0  stm32f1xx_it.o(i.TIM2_IRQHandler)
    i.TIM_Base_SetConfig                     0x080029b4   Section        0  stm32f1xx_hal_tim.o(i.TIM_Base_SetConfig)
    i.TIM_ETR_SetConfig                      0x08002a20   Section        0  stm32f1xx_hal_tim.o(i.TIM_ETR_SetConfig)
    i.TIM_ITRx_SetConfig                     0x08002a34   Section        0  stm32f1xx_hal_tim.o(i.TIM_ITRx_SetConfig)
    TIM_ITRx_SetConfig                       0x08002a35   Thumb Code    16  stm32f1xx_hal_tim.o(i.TIM_ITRx_SetConfig)
    i.TIM_TI1_ConfigInputStage               0x08002a44   Section        0  stm32f1xx_hal_tim.o(i.TIM_TI1_ConfigInputStage)
    TIM_TI1_ConfigInputStage                 0x08002a45   Thumb Code    34  stm32f1xx_hal_tim.o(i.TIM_TI1_ConfigInputStage)
    i.TIM_TI2_ConfigInputStage               0x08002a66   Section        0  stm32f1xx_hal_tim.o(i.TIM_TI2_ConfigInputStage)
    TIM_TI2_ConfigInputStage                 0x08002a67   Thumb Code    36  stm32f1xx_hal_tim.o(i.TIM_TI2_ConfigInputStage)
    i.UART_DMAAbortOnError                   0x08002a8a   Section        0  stm32f1xx_hal_uart.o(i.UART_DMAAbortOnError)
    UART_DMAAbortOnError                     0x08002a8b   Thumb Code    16  stm32f1xx_hal_uart.o(i.UART_DMAAbortOnError)
    i.UART_EndRxTransfer                     0x08002a9a   Section        0  stm32f1xx_hal_uart.o(i.UART_EndRxTransfer)
    UART_EndRxTransfer                       0x08002a9b   Thumb Code    28  stm32f1xx_hal_uart.o(i.UART_EndRxTransfer)
    i.UART_Receive_IT                        0x08002ab6   Section        0  stm32f1xx_hal_uart.o(i.UART_Receive_IT)
    UART_Receive_IT                          0x08002ab7   Thumb Code   150  stm32f1xx_hal_uart.o(i.UART_Receive_IT)
    i.UART_SetConfig                         0x08002b4c   Section        0  stm32f1xx_hal_uart.o(i.UART_SetConfig)
    UART_SetConfig                           0x08002b4d   Thumb Code   178  stm32f1xx_hal_uart.o(i.UART_SetConfig)
    i.UART_Transmit_IT                       0x08002c04   Section        0  stm32f1xx_hal_uart.o(i.UART_Transmit_IT)
    UART_Transmit_IT                         0x08002c05   Thumb Code    98  stm32f1xx_hal_uart.o(i.UART_Transmit_IT)
    i.UART_WaitOnFlagUntilTimeout            0x08002c66   Section        0  stm32f1xx_hal_uart.o(i.UART_WaitOnFlagUntilTimeout)
    UART_WaitOnFlagUntilTimeout              0x08002c67   Thumb Code   100  stm32f1xx_hal_uart.o(i.UART_WaitOnFlagUntilTimeout)
    i.USART1_IRQHandler                      0x08002ccc   Section        0  esp8266.o(i.USART1_IRQHandler)
    i.USART2_IRQHandler                      0x08002cf8   Section        0  stm32f1xx_it.o(i.USART2_IRQHandler)
    i.UartData                               0x08002d04   Section        0  main.o(i.UartData)
    i.UsageFault_Handler                     0x08002d20   Section        0  stm32f1xx_it.o(i.UsageFault_Handler)
    i.Usart1_Init                            0x08002d24   Section        0  esp8266.o(i.Usart1_Init)
    i.Usart1_SendString                      0x08002d60   Section        0  esp8266.o(i.Usart1_SendString)
    i.WIFI_CWJAP                             0x08002d74   Section        0  esp8266.o(i.WIFI_CWJAP)
    i.Write_flsh_byte                        0x08002e2c   Section        0  main.o(i.Write_flsh_byte)
    i.__0sprintf$3                           0x08002e60   Section        0  printf3.o(i.__0sprintf$3)
    i.__NVIC_SetPriority                     0x08002e88   Section        0  stm32f1xx_hal_cortex.o(i.__NVIC_SetPriority)
    __NVIC_SetPriority                       0x08002e89   Thumb Code    32  stm32f1xx_hal_cortex.o(i.__NVIC_SetPriority)
    i.__scatterload_copy                     0x08002ea8   Section       14  handlers.o(i.__scatterload_copy)
    i.__scatterload_null                     0x08002eb6   Section        2  handlers.o(i.__scatterload_null)
    i.__scatterload_zeroinit                 0x08002eb8   Section       14  handlers.o(i.__scatterload_zeroinit)
    i._printf_core                           0x08002ec8   Section        0  printf3.o(i._printf_core)
    _printf_core                             0x08002ec9   Thumb Code   436  printf3.o(i._printf_core)
    i._sputc                                 0x08003080   Section        0  printf3.o(i._sputc)
    _sputc                                   0x08003081   Thumb Code    10  printf3.o(i._sputc)
    i.delay100us                             0x0800308a   Section        0  lcd12864.o(i.delay100us)
    i.delay20ms                              0x08003092   Section        0  lcd12864.o(i.delay20ms)
    i.display                                0x0800309c   Section        0  main.o(i.display)
    i.free                                   0x08003c70   Section        0  malloc.o(i.free)
    i.key_data_dispose                       0x08003cc0   Section        0  main.o(i.key_data_dispose)
    i.main                                   0x0800406c   Section        0  main.o(i.main)
    i.malloc                                 0x080042e8   Section        0  malloc.o(i.malloc)
    i.memory                                 0x08004354   Section        0  main.o(i.memory)
    i.read_memory                            0x080043b0   Section        0  main.o(i.read_memory)
    i.send_cmd                               0x080043f4   Section        0  lcd12864.o(i.send_cmd)
    i.spi_function                           0x0800442c   Section        0  lcd12864.o(i.spi_function)
    .constdata                               0x08004494   Section       16  system_stm32f1xx.o(.constdata)
    .constdata                               0x080044a4   Section        8  system_stm32f1xx.o(.constdata)
    .data                                    0x20000000   Section       58  main.o(.data)
    .data                                    0x2000003a   Section        1  onenet.o(.data)
    .data                                    0x2000003c   Section        6  esp8266.o(.data)
    .data                                    0x20000044   Section       12  stm32f1xx_hal.o(.data)
    .data                                    0x20000050   Section        4  system_stm32f1xx.o(.data)
    .data                                    0x20000054   Section        4  mvars.o(.data)
    .data                                    0x20000058   Section        4  mvars.o(.data)
    .bss                                     0x2000005c   Section     1152  main.o(.bss)
    .bss                                     0x200004dc   Section      192  esp8266.o(.bss)
    .bss                                     0x200005a0   Section       32  stm32f1xx_hal_flash.o(.bss)
    HEAP                                     0x200005c0   Section      512  startup_stm32f10x_hd.o(HEAP)
    STACK                                    0x200007c0   Section     1024  startup_stm32f10x_hd.o(STACK)

    Global Symbols

    Symbol Name                              Value     Ov Type        Size  Object(Section)

    BuildAttributes$$THM_ISAv4$P$D$K$B$S$PE$A:L22UL41UL21$X:L11$S22US41US21$IEEE1$IW$USESV6$~STKCKD$USESV7$~SHL$OSPACE$ROPI$EBA8$MICROLIB$REQ8$PRES8$EABIv2 0x00000000   Number         0  anon$$obj.o ABSOLUTE
    __ARM_use_no_argv                        0x00000000   Number         0  main.o ABSOLUTE
    _printf_a                                0x00000000   Number         0  stubs.o ABSOLUTE
    _printf_c                                0x00000000   Number         0  stubs.o ABSOLUTE
    _printf_charcount                        0x00000000   Number         0  stubs.o ABSOLUTE
    _printf_d                                0x00000000   Number         0  stubs.o ABSOLUTE
    _printf_e                                0x00000000   Number         0  stubs.o ABSOLUTE
    _printf_f                                0x00000000   Number         0  stubs.o ABSOLUTE
    _printf_flags                            0x00000000   Number         0  stubs.o ABSOLUTE
    _printf_fp_dec                           0x00000000   Number         0  stubs.o ABSOLUTE
    _printf_fp_hex                           0x00000000   Number         0  stubs.o ABSOLUTE
    _printf_g                                0x00000000   Number         0  stubs.o ABSOLUTE
    _printf_i                                0x00000000   Number         0  stubs.o ABSOLUTE
    _printf_int_dec                          0x00000000   Number         0  stubs.o ABSOLUTE
    _printf_l                                0x00000000   Number         0  stubs.o ABSOLUTE
    _printf_lc                               0x00000000   Number         0  stubs.o ABSOLUTE
    _printf_ll                               0x00000000   Number         0  stubs.o ABSOLUTE
    _printf_lld                              0x00000000   Number         0  stubs.o ABSOLUTE
    _printf_lli                              0x00000000   Number         0  stubs.o ABSOLUTE
    _printf_llo                              0x00000000   Number         0  stubs.o ABSOLUTE
    _printf_llu                              0x00000000   Number         0  stubs.o ABSOLUTE
    _printf_llx                              0x00000000   Number         0  stubs.o ABSOLUTE
    _printf_longlong_dec                     0x00000000   Number         0  stubs.o ABSOLUTE
    _printf_longlong_hex                     0x00000000   Number         0  stubs.o ABSOLUTE
    _printf_longlong_oct                     0x00000000   Number         0  stubs.o ABSOLUTE
    _printf_ls                               0x00000000   Number         0  stubs.o ABSOLUTE
    _printf_mbtowc                           0x00000000   Number         0  stubs.o ABSOLUTE
    _printf_n                                0x00000000   Number         0  stubs.o ABSOLUTE
    _printf_o                                0x00000000   Number         0  stubs.o ABSOLUTE
    _printf_p                                0x00000000   Number         0  stubs.o ABSOLUTE
    _printf_percent                          0x00000000   Number         0  stubs.o ABSOLUTE
    _printf_pre_padding                      0x00000000   Number         0  stubs.o ABSOLUTE
    _printf_return_value                     0x00000000   Number         0  stubs.o ABSOLUTE
    _printf_s                                0x00000000   Number         0  stubs.o ABSOLUTE
    _printf_sizespec                         0x00000000   Number         0  stubs.o ABSOLUTE
    _printf_str                              0x00000000   Number         0  stubs.o ABSOLUTE
    _printf_truncate_signed                  0x00000000   Number         0  stubs.o ABSOLUTE
    _printf_truncate_unsigned                0x00000000   Number         0  stubs.o ABSOLUTE
    _printf_u                                0x00000000   Number         0  stubs.o ABSOLUTE
    _printf_wc                               0x00000000   Number         0  stubs.o ABSOLUTE
    _printf_wctomb                           0x00000000   Number         0  stubs.o ABSOLUTE
    _printf_widthprec                        0x00000000   Number         0  stubs.o ABSOLUTE
    _printf_x                                0x00000000   Number         0  stubs.o ABSOLUTE
    __cpp_initialize__aeabi_                  - Undefined Weak Reference
    __cxa_finalize                            - Undefined Weak Reference
    __decompress                              - Undefined Weak Reference
    _clock_init                               - Undefined Weak Reference
    _microlib_exit                            - Undefined Weak Reference
    __Vectors_Size                           0x00000130   Number         0  startup_stm32f10x_hd.o ABSOLUTE
    __Vectors                                0x08000000   Data           4  startup_stm32f10x_hd.o(RESET)
    __Vectors_End                            0x08000130   Data           0  startup_stm32f10x_hd.o(RESET)
    __main                                   0x08000131   Thumb Code     0  entry.o(.ARM.Collect$$$$00000000)
    _main_stk                                0x08000131   Thumb Code     0  entry2.o(.ARM.Collect$$$$00000001)
    _main_scatterload                        0x08000135   Thumb Code     0  entry5.o(.ARM.Collect$$$$00000004)
    __main_after_scatterload                 0x08000139   Thumb Code     0  entry5.o(.ARM.Collect$$$$00000004)
    _main_clock                              0x08000139   Thumb Code     0  entry7b.o(.ARM.Collect$$$$00000008)
    _main_cpp_init                           0x08000139   Thumb Code     0  entry8b.o(.ARM.Collect$$$$0000000A)
    _main_init                               0x08000139   Thumb Code     0  entry9a.o(.ARM.Collect$$$$0000000B)
    __rt_final_cpp                           0x08000141   Thumb Code     0  entry10a.o(.ARM.Collect$$$$0000000D)
    __rt_final_exit                          0x08000141   Thumb Code     0  entry11a.o(.ARM.Collect$$$$0000000F)
    Reset_Handler                            0x08000145   Thumb Code     8  startup_stm32f10x_hd.o(.text)
    ADC1_2_IRQHandler                        0x0800015f   Thumb Code     0  startup_stm32f10x_hd.o(.text)
    ADC3_IRQHandler                          0x0800015f   Thumb Code     0  startup_stm32f10x_hd.o(.text)
    CAN1_RX1_IRQHandler                      0x0800015f   Thumb Code     0  startup_stm32f10x_hd.o(.text)
    CAN1_SCE_IRQHandler                      0x0800015f   Thumb Code     0  startup_stm32f10x_hd.o(.text)
    DMA1_Channel1_IRQHandler                 0x0800015f   Thumb Code     0  startup_stm32f10x_hd.o(.text)
    DMA1_Channel2_IRQHandler                 0x0800015f   Thumb Code     0  startup_stm32f10x_hd.o(.text)
    DMA1_Channel3_IRQHandler                 0x0800015f   Thumb Code     0  startup_stm32f10x_hd.o(.text)
    DMA1_Channel4_IRQHandler                 0x0800015f   Thumb Code     0  startup_stm32f10x_hd.o(.text)
    DMA1_Channel5_IRQHandler                 0x0800015f   Thumb Code     0  startup_stm32f10x_hd.o(.text)
    DMA1_Channel6_IRQHandler                 0x0800015f   Thumb Code     0  startup_stm32f10x_hd.o(.text)
    DMA1_Channel7_IRQHandler                 0x0800015f   Thumb Code     0  startup_stm32f10x_hd.o(.text)
    DMA2_Channel1_IRQHandler                 0x0800015f   Thumb Code     0  startup_stm32f10x_hd.o(.text)
    DMA2_Channel2_IRQHandler                 0x0800015f   Thumb Code     0  startup_stm32f10x_hd.o(.text)
    DMA2_Channel3_IRQHandler                 0x0800015f   Thumb Code     0  startup_stm32f10x_hd.o(.text)
    DMA2_Channel4_5_IRQHandler               0x0800015f   Thumb Code     0  startup_stm32f10x_hd.o(.text)
    EXTI0_IRQHandler                         0x0800015f   Thumb Code     0  startup_stm32f10x_hd.o(.text)
    EXTI15_10_IRQHandler                     0x0800015f   Thumb Code     0  startup_stm32f10x_hd.o(.text)
    EXTI1_IRQHandler                         0x0800015f   Thumb Code     0  startup_stm32f10x_hd.o(.text)
    EXTI2_IRQHandler                         0x0800015f   Thumb Code     0  startup_stm32f10x_hd.o(.text)
    EXTI3_IRQHandler                         0x0800015f   Thumb Code     0  startup_stm32f10x_hd.o(.text)
    EXTI4_IRQHandler                         0x0800015f   Thumb Code     0  startup_stm32f10x_hd.o(.text)
    EXTI9_5_IRQHandler                       0x0800015f   Thumb Code     0  startup_stm32f10x_hd.o(.text)
    FLASH_IRQHandler                         0x0800015f   Thumb Code     0  startup_stm32f10x_hd.o(.text)
    FSMC_IRQHandler                          0x0800015f   Thumb Code     0  startup_stm32f10x_hd.o(.text)
    I2C1_ER_IRQHandler                       0x0800015f   Thumb Code     0  startup_stm32f10x_hd.o(.text)
    I2C1_EV_IRQHandler                       0x0800015f   Thumb Code     0  startup_stm32f10x_hd.o(.text)
    I2C2_ER_IRQHandler                       0x0800015f   Thumb Code     0  startup_stm32f10x_hd.o(.text)
    I2C2_EV_IRQHandler                       0x0800015f   Thumb Code     0  startup_stm32f10x_hd.o(.text)
    PVD_IRQHandler                           0x0800015f   Thumb Code     0  startup_stm32f10x_hd.o(.text)
    RCC_IRQHandler                           0x0800015f   Thumb Code     0  startup_stm32f10x_hd.o(.text)
    RTCAlarm_IRQHandler                      0x0800015f   Thumb Code     0  startup_stm32f10x_hd.o(.text)
    RTC_IRQHandler                           0x0800015f   Thumb Code     0  startup_stm32f10x_hd.o(.text)
    SDIO_IRQHandler                          0x0800015f   Thumb Code     0  startup_stm32f10x_hd.o(.text)
    SPI1_IRQHandler                          0x0800015f   Thumb Code     0  startup_stm32f10x_hd.o(.text)
    SPI2_IRQHandler                          0x0800015f   Thumb Code     0  startup_stm32f10x_hd.o(.text)
    SPI3_IRQHandler                          0x0800015f   Thumb Code     0  startup_stm32f10x_hd.o(.text)
    TAMPER_IRQHandler                        0x0800015f   Thumb Code     0  startup_stm32f10x_hd.o(.text)
    TIM1_BRK_IRQHandler                      0x0800015f   Thumb Code     0  startup_stm32f10x_hd.o(.text)
    TIM1_CC_IRQHandler                       0x0800015f   Thumb Code     0  startup_stm32f10x_hd.o(.text)
    TIM1_TRG_COM_IRQHandler                  0x0800015f   Thumb Code     0  startup_stm32f10x_hd.o(.text)
    TIM1_UP_IRQHandler                       0x0800015f   Thumb Code     0  startup_stm32f10x_hd.o(.text)
    TIM3_IRQHandler                          0x0800015f   Thumb Code     0  startup_stm32f10x_hd.o(.text)
    TIM4_IRQHandler                          0x0800015f   Thumb Code     0  startup_stm32f10x_hd.o(.text)
    TIM5_IRQHandler                          0x0800015f   Thumb Code     0  startup_stm32f10x_hd.o(.text)
    TIM6_IRQHandler                          0x0800015f   Thumb Code     0  startup_stm32f10x_hd.o(.text)
    TIM7_IRQHandler                          0x0800015f   Thumb Code     0  startup_stm32f10x_hd.o(.text)
    TIM8_BRK_IRQHandler                      0x0800015f   Thumb Code     0  startup_stm32f10x_hd.o(.text)
    TIM8_CC_IRQHandler                       0x0800015f   Thumb Code     0  startup_stm32f10x_hd.o(.text)
    TIM8_TRG_COM_IRQHandler                  0x0800015f   Thumb Code     0  startup_stm32f10x_hd.o(.text)
    TIM8_UP_IRQHandler                       0x0800015f   Thumb Code     0  startup_stm32f10x_hd.o(.text)
    UART4_IRQHandler                         0x0800015f   Thumb Code     0  startup_stm32f10x_hd.o(.text)
    UART5_IRQHandler                         0x0800015f   Thumb Code     0  startup_stm32f10x_hd.o(.text)
    USART3_IRQHandler                        0x0800015f   Thumb Code     0  startup_stm32f10x_hd.o(.text)
    USBWakeUp_IRQHandler                     0x0800015f   Thumb Code     0  startup_stm32f10x_hd.o(.text)
    USB_HP_CAN1_TX_IRQHandler                0x0800015f   Thumb Code     0  startup_stm32f10x_hd.o(.text)
    USB_LP_CAN1_RX0_IRQHandler               0x0800015f   Thumb Code     0  startup_stm32f10x_hd.o(.text)
    WWDG_IRQHandler                          0x0800015f   Thumb Code     0  startup_stm32f10x_hd.o(.text)
    __aeabi_llsr                             0x08000169   Thumb Code    32  llushr.o(.text)
    _ll_ushift_r                             0x08000169   Thumb Code     0  llushr.o(.text)
    __aeabi_memcpy                           0x08000189   Thumb Code    36  memcpya.o(.text)
    __aeabi_memcpy4                          0x08000189   Thumb Code     0  memcpya.o(.text)
    __aeabi_memcpy8                          0x08000189   Thumb Code     0  memcpya.o(.text)
    __aeabi_memset                           0x080001ad   Thumb Code    14  memseta.o(.text)
    __aeabi_memset4                          0x080001ad   Thumb Code     0  memseta.o(.text)
    __aeabi_memset8                          0x080001ad   Thumb Code     0  memseta.o(.text)
    __aeabi_memclr                           0x080001bb   Thumb Code     4  memseta.o(.text)
    __aeabi_memclr4                          0x080001bb   Thumb Code     0  memseta.o(.text)
    __aeabi_memclr8                          0x080001bb   Thumb Code     0  memseta.o(.text)
    _memset$wrapper                          0x080001bf   Thumb Code    18  memseta.o(.text)
    strcat                                   0x080001d1   Thumb Code    24  strcat.o(.text)
    strstr                                   0x080001e9   Thumb Code    36  strstr.o(.text)
    strchr                                   0x0800020d   Thumb Code    20  strchr.o(.text)
    strlen                                   0x08000221   Thumb Code    14  strlen.o(.text)
    strncat                                  0x0800022f   Thumb Code    40  strncat.o(.text)
    strcpy                                   0x08000257   Thumb Code    18  strcpy.o(.text)
    __aeabi_uidiv                            0x08000269   Thumb Code     0  uidiv.o(.text)
    __aeabi_uidivmod                         0x08000269   Thumb Code    44  uidiv.o(.text)
    __scatterload                            0x08000295   Thumb Code    28  init.o(.text)
    __scatterload_rt2                        0x08000295   Thumb Code     0  init.o(.text)
    BusFault_Handler                         0x080002b9   Thumb Code     2  stm32f1xx_it.o(i.BusFault_Handler)
    DebugMon_Handler                         0x080002bb   Thumb Code     2  stm32f1xx_it.o(i.DebugMon_Handler)
    Delete_all                               0x080002bd   Thumb Code    78  main.o(i.Delete_all)
    ESP8266_Clear                            0x0800030d   Thumb Code    18  esp8266.o(i.ESP8266_Clear)
    ESP8266_GetIPD                           0x08000329   Thumb Code    50  esp8266.o(i.ESP8266_GetIPD)
    ESP8266_Init                             0x08000369   Thumb Code    76  esp8266.o(i.ESP8266_Init)
    ESP8266_SendCmd                          0x080003ed   Thumb Code    64  esp8266.o(i.ESP8266_SendCmd)
    ESP8266_SendData                         0x08000431   Thumb Code    48  esp8266.o(i.ESP8266_SendData)
    ESP8266_WaitRecive                       0x08000475   Thumb Code    28  esp8266.o(i.ESP8266_WaitRecive)
    FLASH_PageErase                          0x080004b9   Thumb Code    28  stm32f1xx_hal_flash_ex.o(i.FLASH_PageErase)
    FLASH_WaitForLastOperation               0x08000555   Thumb Code    80  stm32f1xx_hal_flash.o(i.FLASH_WaitForLastOperation)
    GPIO_Configuration                       0x080005a9   Thumb Code    60  lcd12864.o(i.GPIO_Configuration)
    HAL_DMA_Abort_IT                         0x080005ed   Thumb Code   148  stm32f1xx_hal_dma.o(i.HAL_DMA_Abort_IT)
    HAL_Delay                                0x08000685   Thumb Code    32  stm32f1xx_hal.o(i.HAL_Delay)
    HAL_FLASHEx_Erase                        0x080006a9   Thumb Code   160  stm32f1xx_hal_flash_ex.o(i.HAL_FLASHEx_Erase)
    HAL_FLASH_Lock                           0x08000751   Thumb Code    14  stm32f1xx_hal_flash.o(i.HAL_FLASH_Lock)
    HAL_FLASH_Program                        0x08000765   Thumb Code   120  stm32f1xx_hal_flash.o(i.HAL_FLASH_Program)
    HAL_FLASH_Unlock                         0x080007e5   Thumb Code    28  stm32f1xx_hal_flash.o(i.HAL_FLASH_Unlock)
    HAL_GPIO_Init                            0x0800080d   Thumb Code   446  stm32f1xx_hal_gpio.o(i.HAL_GPIO_Init)
    HAL_GPIO_ReadPin                         0x080009ed   Thumb Code    10  stm32f1xx_hal_gpio.o(i.HAL_GPIO_ReadPin)
    HAL_GPIO_WritePin                        0x080009f7   Thumb Code    10  stm32f1xx_hal_gpio.o(i.HAL_GPIO_WritePin)
    HAL_GetTick                              0x08000a01   Thumb Code     6  stm32f1xx_hal.o(i.HAL_GetTick)
    HAL_IncTick                              0x08000a0d   Thumb Code    12  stm32f1xx_hal.o(i.HAL_IncTick)
    HAL_Init                                 0x08000a1d   Thumb Code    32  stm32f1xx_hal.o(i.HAL_Init)
    HAL_InitTick                             0x08000a41   Thumb Code    54  stm32f1xx_hal.o(i.HAL_InitTick)
    HAL_MspInit                              0x08000a81   Thumb Code    52  stm32f1xx_hal_msp.o(i.HAL_MspInit)
    HAL_MultiProcessor_Init                  0x08000abd   Thumb Code   142  stm32f1xx_hal_uart.o(i.HAL_MultiProcessor_Init)
    HAL_NVIC_EnableIRQ                       0x08000b4b   Thumb Code    26  stm32f1xx_hal_cortex.o(i.HAL_NVIC_EnableIRQ)
    HAL_NVIC_SetPriority                     0x08000b65   Thumb Code    60  stm32f1xx_hal_cortex.o(i.HAL_NVIC_SetPriority)
    HAL_NVIC_SetPriorityGrouping             0x08000ba5   Thumb Code    26  stm32f1xx_hal_cortex.o(i.HAL_NVIC_SetPriorityGrouping)
    HAL_RCC_ClockConfig                      0x08000bc9   Thumb Code   280  stm32f1xx_hal_rcc.o(i.HAL_RCC_ClockConfig)
    HAL_RCC_GetPCLK1Freq                     0x08000cf5   Thumb Code    20  stm32f1xx_hal_rcc.o(i.HAL_RCC_GetPCLK1Freq)
    HAL_RCC_GetPCLK2Freq                     0x08000d15   Thumb Code    20  stm32f1xx_hal_rcc.o(i.HAL_RCC_GetPCLK2Freq)
    HAL_RCC_GetSysClockFreq                  0x08000d35   Thumb Code    74  stm32f1xx_hal_rcc.o(i.HAL_RCC_GetSysClockFreq)
    HAL_RCC_OscConfig                        0x08000da1   Thumb Code   778  stm32f1xx_hal_rcc.o(i.HAL_RCC_OscConfig)
    HAL_SYSTICK_Config                       0x080010c1   Thumb Code    40  stm32f1xx_hal_cortex.o(i.HAL_SYSTICK_Config)
    HAL_TIMEx_BreakCallback                  0x080010e9   Thumb Code     2  stm32f1xx_hal_tim_ex.o(i.HAL_TIMEx_BreakCallback)
    HAL_TIMEx_CommutCallback                 0x080010eb   Thumb Code     2  stm32f1xx_hal_tim_ex.o(i.HAL_TIMEx_CommutCallback)
    HAL_TIMEx_MasterConfigSynchronization    0x080010ed   Thumb Code    66  stm32f1xx_hal_tim_ex.o(i.HAL_TIMEx_MasterConfigSynchronization)
    HAL_TIM_Base_Init                        0x0800112f   Thumb Code    54  stm32f1xx_hal_tim.o(i.HAL_TIM_Base_Init)
    HAL_TIM_Base_MspInit                     0x08001165   Thumb Code    50  stm32f1xx_hal_msp.o(i.HAL_TIM_Base_MspInit)
    HAL_TIM_Base_Start_IT                    0x0800119d   Thumb Code    34  stm32f1xx_hal_tim.o(i.HAL_TIM_Base_Start_IT)
    HAL_TIM_ConfigClockSource                0x080011bf   Thumb Code   214  stm32f1xx_hal_tim.o(i.HAL_TIM_ConfigClockSource)
    HAL_TIM_IC_CaptureCallback               0x08001295   Thumb Code     2  stm32f1xx_hal_tim.o(i.HAL_TIM_IC_CaptureCallback)
    HAL_TIM_IRQHandler                       0x08001297   Thumb Code   358  stm32f1xx_hal_tim.o(i.HAL_TIM_IRQHandler)
    HAL_TIM_OC_DelayElapsedCallback          0x080013fd   Thumb Code     2  stm32f1xx_hal_tim.o(i.HAL_TIM_OC_DelayElapsedCallback)
    HAL_TIM_PWM_PulseFinishedCallback        0x080013ff   Thumb Code     2  stm32f1xx_hal_tim.o(i.HAL_TIM_PWM_PulseFinishedCallback)
    HAL_TIM_PeriodElapsedCallback            0x08001401   Thumb Code   194  main.o(i.HAL_TIM_PeriodElapsedCallback)
    HAL_TIM_TriggerCallback                  0x080014cd   Thumb Code     2  stm32f1xx_hal_tim.o(i.HAL_TIM_TriggerCallback)
    HAL_UART_ErrorCallback                   0x080014cf   Thumb Code     2  stm32f1xx_hal_uart.o(i.HAL_UART_ErrorCallback)
    HAL_UART_GetState                        0x080014d1   Thumb Code    10  stm32f1xx_hal_uart.o(i.HAL_UART_GetState)
    HAL_UART_IRQHandler                      0x080014dd   Thumb Code   266  stm32f1xx_hal_uart.o(i.HAL_UART_IRQHandler)
    HAL_UART_Init                            0x080015ed   Thumb Code    98  stm32f1xx_hal_uart.o(i.HAL_UART_Init)
    HAL_UART_MspInit                         0x08001651   Thumb Code   198  stm32f1xx_hal_msp.o(i.HAL_UART_MspInit)
    HAL_UART_Receive_IT                      0x08001729   Thumb Code    82  stm32f1xx_hal_uart.o(i.HAL_UART_Receive_IT)
    HAL_UART_RxCpltCallback                  0x0800177d   Thumb Code   358  main.o(i.HAL_UART_RxCpltCallback)
    HAL_UART_Transmit                        0x080018fd   Thumb Code   186  stm32f1xx_hal_uart.o(i.HAL_UART_Transmit)
    HAL_UART_Transmit_IT                     0x080019b7   Thumb Code    62  stm32f1xx_hal_uart.o(i.HAL_UART_Transmit_IT)
    HAL_UART_TxCpltCallback                  0x080019f5   Thumb Code     2  stm32f1xx_hal_uart.o(i.HAL_UART_TxCpltCallback)
    HardFault_Handler                        0x080019f7   Thumb Code     2  stm32f1xx_it.o(i.HardFault_Handler)
    Key_Dispose                              0x080019f9   Thumb Code   208  main.o(i.Key_Dispose)
    Key_assignment                           0x08001acd   Thumb Code   368  main.o(i.Key_assignment)
    LCD12864_Pos                             0x08001c49   Thumb Code    54  lcd12864.o(i.LCD12864_Pos)
    LCD12864_int                             0x08001c7f   Thumb Code    60  lcd12864.o(i.LCD12864_int)
    LCD12864_write                           0x08001cbd   Thumb Code    60  lcd12864.o(i.LCD12864_write)
    LCD12864_writebyte                       0x08001cfd   Thumb Code    22  lcd12864.o(i.LCD12864_writebyte)
    MQTT_DeleteBuffer                        0x08001d13   Thumb Code    28  mqttkit.o(i.MQTT_DeleteBuffer)
    MQTT_DumpLength                          0x08001d31   Thumb Code    38  mqttkit.o(i.MQTT_DumpLength)
    MQTT_NewBuffer                           0x08001d57   Thumb Code    82  mqttkit.o(i.MQTT_NewBuffer)
    MQTT_PacketCmdResp                       0x08001da9   Thumb Code   114  mqttkit.o(i.MQTT_PacketCmdResp)
    MQTT_PacketConnect                       0x08001e25   Thumb Code   606  mqttkit.o(i.MQTT_PacketConnect)
    MQTT_PacketPing                          0x08002089   Thumb Code    44  mqttkit.o(i.MQTT_PacketPing)
    MQTT_PacketPublish                       0x080020b5   Thumb Code   340  mqttkit.o(i.MQTT_PacketPublish)
    MQTT_PacketSaveData                      0x08002209   Thumb Code    76  mqttkit.o(i.MQTT_PacketSaveData)
    MQTT_ReadLength                          0x08002259   Thumb Code    62  mqttkit.o(i.MQTT_ReadLength)
    MQTT_UnPacketCmd                         0x08002297   Thumb Code   130  mqttkit.o(i.MQTT_UnPacketCmd)
    MQTT_UnPacketConnectAck                  0x08002319   Thumb Code    26  mqttkit.o(i.MQTT_UnPacketConnectAck)
    MQTT_UnPacketPublishAck                  0x08002333   Thumb Code    24  mqttkit.o(i.MQTT_UnPacketPublishAck)
    MQTT_UnPacketRecv                        0x0800234d   Thumb Code    86  mqttkit.o(i.MQTT_UnPacketRecv)
    MemManage_Handler                        0x080024a1   Thumb Code     2  stm32f1xx_it.o(i.MemManage_Handler)
    NMI_Handler                              0x080024a3   Thumb Code     2  stm32f1xx_it.o(i.NMI_Handler)
    OneNet_DevLink                           0x080024a5   Thumb Code   104  onenet.o(i.OneNet_DevLink)
    OneNet_FillBuf                           0x0800252d   Thumb Code    94  onenet.o(i.OneNet_FillBuf)
    OneNet_Ping                              0x080025c5   Thumb Code    42  onenet.o(i.OneNet_Ping)
    OneNet_RevPro                            0x080025f1   Thumb Code   154  onenet.o(i.OneNet_RevPro)
    OneNet_SendData                          0x080026a1   Thumb Code   100  onenet.o(i.OneNet_SendData)
    PendSV_Handler                           0x08002711   Thumb Code     2  stm32f1xx_it.o(i.PendSV_Handler)
    Register                                 0x08002715   Thumb Code    92  main.o(i.Register)
    SVC_Handler                              0x08002775   Thumb Code     2  stm32f1xx_it.o(i.SVC_Handler)
    Search                                   0x08002779   Thumb Code   284  main.o(i.Search)
    Single_Deletion                          0x08002899   Thumb Code   108  main.o(i.Single_Deletion)
    SysTick_Handler                          0x08002905   Thumb Code     4  stm32f1xx_it.o(i.SysTick_Handler)
    SystemClock_Config                       0x08002909   Thumb Code    88  main.o(i.SystemClock_Config)
    SystemInit                               0x08002961   Thumb Code    56  system_stm32f1xx.o(i.SystemInit)
    TIM2_IRQHandler                          0x080029a9   Thumb Code     6  stm32f1xx_it.o(i.TIM2_IRQHandler)
    TIM_Base_SetConfig                       0x080029b5   Thumb Code    94  stm32f1xx_hal_tim.o(i.TIM_Base_SetConfig)
    TIM_ETR_SetConfig                        0x08002a21   Thumb Code    20  stm32f1xx_hal_tim.o(i.TIM_ETR_SetConfig)
    USART1_IRQHandler                        0x08002ccd   Thumb Code    34  esp8266.o(i.USART1_IRQHandler)
    USART2_IRQHandler                        0x08002cf9   Thumb Code     6  stm32f1xx_it.o(i.USART2_IRQHandler)
    UartData                                 0x08002d05   Thumb Code    24  main.o(i.UartData)
    UsageFault_Handler                       0x08002d21   Thumb Code     2  stm32f1xx_it.o(i.UsageFault_Handler)
    Usart1_Init                              0x08002d25   Thumb Code    48  esp8266.o(i.Usart1_Init)
    Usart1_SendString                        0x08002d61   Thumb Code    14  esp8266.o(i.Usart1_SendString)
    WIFI_CWJAP                               0x08002d75   Thumb Code    96  esp8266.o(i.WIFI_CWJAP)
    Write_flsh_byte                          0x08002e2d   Thumb Code    52  main.o(i.Write_flsh_byte)
    __0sprintf$3                             0x08002e61   Thumb Code    34  printf3.o(i.__0sprintf$3)
    __1sprintf$3                             0x08002e61   Thumb Code     0  printf3.o(i.__0sprintf$3)
    __2sprintf                               0x08002e61   Thumb Code     0  printf3.o(i.__0sprintf$3)
    __scatterload_copy                       0x08002ea9   Thumb Code    14  handlers.o(i.__scatterload_copy)
    __scatterload_null                       0x08002eb7   Thumb Code     2  handlers.o(i.__scatterload_null)
    __scatterload_zeroinit                   0x08002eb9   Thumb Code    14  handlers.o(i.__scatterload_zeroinit)
    delay100us                               0x0800308b   Thumb Code     8  lcd12864.o(i.delay100us)
    delay20ms                                0x08003093   Thumb Code     8  lcd12864.o(i.delay20ms)
    display                                  0x0800309d   Thumb Code  2988  main.o(i.display)
    free                                     0x08003c71   Thumb Code    76  malloc.o(i.free)
    key_data_dispose                         0x08003cc1   Thumb Code   934  main.o(i.key_data_dispose)
    main                                     0x0800406d   Thumb Code   440  main.o(i.main)
    malloc                                   0x080042e9   Thumb Code    92  malloc.o(i.malloc)
    memory                                   0x08004355   Thumb Code    66  main.o(i.memory)
    read_memory                              0x080043b1   Thumb Code    40  main.o(i.read_memory)
    send_cmd                                 0x080043f5   Thumb Code    52  lcd12864.o(i.send_cmd)
    spi_function                             0x0800442d   Thumb Code   100  lcd12864.o(i.spi_function)
    AHBPrescTable                            0x08004494   Data          16  system_stm32f1xx.o(.constdata)
    APBPrescTable                            0x080044a4   Data           8  system_stm32f1xx.o(.constdata)
    Region$$Table$$Base                      0x080044ac   Number         0  anon$$obj.o(Region$$Table)
    Region$$Table$$Limit                     0x080044cc   Number         0  anon$$obj.o(Region$$Table)
    Key_Data                                 0x20000000   Data           1  main.o(.data)
    Key_flag                                 0x20000001   Data           1  main.o(.data)
    key_back                                 0x20000002   Data           1  main.o(.data)
    beep_flag                                0x20000003   Data           1  main.o(.data)
    Search_Sign                              0x20000004   Data           1  main.o(.data)
    Search_time                              0x20000005   Data           1  main.o(.data)
    Command_flag                             0x20000006   Data           1  main.o(.data)
    Password_count                           0x20000007   Data           1  main.o(.data)
    system_time                              0x20000008   Data           1  main.o(.data)
    beep_time                                0x20000009   Data           1  main.o(.data)
    JDQ_time                                 0x2000000a   Data           1  main.o(.data)
    mi_ma_Error                              0x2000000b   Data           1  main.o(.data)
    zhiwen_Error                             0x2000000c   Data           1  main.o(.data)
    s0                                       0x2000000d   Data           1  main.o(.data)
    state                                    0x2000000e   Data           1  main.o(.data)
    Server_Flag                              0x2000000f   Data           1  main.o(.data)
    aRxBuffer                                0x20000010   Data           3  main.o(.data)
    uart_count                               0x20000014   Data           4  main.o(.data)
    Fingerprint_Num                          0x20000018   Data           4  main.o(.data)
    Heartbeat_Timer                          0x2000001c   Data           4  main.o(.data)
    Time2_ms                                 0x20000020   Data           4  main.o(.data)
    dataPtr                                  0x20000024   Data           4  main.o(.data)
    Password                                 0x20000028   Data           6  main.o(.data)
    Password1                                0x2000002e   Data           6  main.o(.data)
    Password_flsh                            0x20000034   Data           6  main.o(.data)
    status_connected                         0x2000003a   Data           1  onenet.o(.data)
    Onebyte                                  0x2000003c   Data           1  esp8266.o(.data)
    esp8266_cnt                              0x2000003e   Data           2  esp8266.o(.data)
    esp8266_cntPre                           0x20000040   Data           2  esp8266.o(.data)
    uwTickFreq                               0x20000044   Data           1  stm32f1xx_hal.o(.data)
    uwTickPrio                               0x20000048   Data           4  stm32f1xx_hal.o(.data)
    uwTick                                   0x2000004c   Data           4  stm32f1xx_hal.o(.data)
    SystemCoreClock                          0x20000050   Data           4  system_stm32f1xx.o(.data)
    __microlib_freelist                      0x20000054   Data           4  mvars.o(.data)
    __microlib_freelist_initialised          0x20000058   Data           4  mvars.o(.data)
    htim2                                    0x2000005c   Data          64  main.o(.bss)
    huart2                                   0x2000009c   Data          64  main.o(.bss)
    Uart_dat                                 0x200000dc   Data        1024  main.o(.bss)
    huart1                                   0x200004dc   Data          64  esp8266.o(.bss)
    esp8266_buf                              0x2000051c   Data         128  esp8266.o(.bss)
    pFlash                                   0x200005a0   Data          32  stm32f1xx_hal_flash.o(.bss)
    __heap_base                              0x200005c0   Data           0  startup_stm32f10x_hd.o(HEAP)
    __heap_limit                             0x200007c0   Data           0  startup_stm32f10x_hd.o(HEAP)
    __initial_sp                             0x20000bc0   Data           0  startup_stm32f10x_hd.o(STACK)



==============================================================================

Memory Map of the image

  Image Entry point : 0x08000131

  Load Region LR_IROM1 (Base: 0x08000000, Size: 0x00004528, Max: 0x00010000, ABSOLUTE)

    Execution Region ER_IROM1 (Base: 0x08000000, Size: 0x000044cc, Max: 0x00010000, ABSOLUTE)

    Base Addr    Size         Type   Attr      Idx    E Section Name        Object

    0x08000000   0x00000130   Data   RO            3    RESET               startup_stm32f10x_hd.o
    0x08000130   0x00000000   Code   RO         3193  * .ARM.Collect$$$$00000000  mc_w.l(entry.o)
    0x08000130   0x00000004   Code   RO         3505    .ARM.Collect$$$$00000001  mc_w.l(entry2.o)
    0x08000134   0x00000004   Code   RO         3508    .ARM.Collect$$$$00000004  mc_w.l(entry5.o)
    0x08000138   0x00000000   Code   RO         3510    .ARM.Collect$$$$00000008  mc_w.l(entry7b.o)
    0x08000138   0x00000000   Code   RO         3512    .ARM.Collect$$$$0000000A  mc_w.l(entry8b.o)
    0x08000138   0x00000008   Code   RO         3513    .ARM.Collect$$$$0000000B  mc_w.l(entry9a.o)
    0x08000140   0x00000000   Code   RO         3515    .ARM.Collect$$$$0000000D  mc_w.l(entry10a.o)
    0x08000140   0x00000000   Code   RO         3517    .ARM.Collect$$$$0000000F  mc_w.l(entry11a.o)
    0x08000140   0x00000004   Code   RO         3506    .ARM.Collect$$$$00002712  mc_w.l(entry2.o)
    0x08000144   0x00000024   Code   RO            4    .text               startup_stm32f10x_hd.o
    0x08000168   0x00000020   Code   RO         3196    .text               mc_w.l(llushr.o)
    0x08000188   0x00000024   Code   RO         3198    .text               mc_w.l(memcpya.o)
    0x080001ac   0x00000024   Code   RO         3200    .text               mc_w.l(memseta.o)
    0x080001d0   0x00000018   Code   RO         3202    .text               mc_w.l(strcat.o)
    0x080001e8   0x00000024   Code   RO         3204    .text               mc_w.l(strstr.o)
    0x0800020c   0x00000014   Code   RO         3206    .text               mc_w.l(strchr.o)
    0x08000220   0x0000000e   Code   RO         3208    .text               mc_w.l(strlen.o)
    0x0800022e   0x00000028   Code   RO         3210    .text               mc_w.l(strncat.o)
    0x08000256   0x00000012   Code   RO         3212    .text               mc_w.l(strcpy.o)
    0x08000268   0x0000002c   Code   RO         3522    .text               mc_w.l(uidiv.o)
    0x08000294   0x00000024   Code   RO         3539    .text               mc_w.l(init.o)
    0x080002b8   0x00000002   Code   RO          413    i.BusFault_Handler  stm32f1xx_it.o
    0x080002ba   0x00000002   Code   RO          414    i.DebugMon_Handler  stm32f1xx_it.o
    0x080002bc   0x0000004e   Code   RO          175    i.Delete_all        main.o
    0x0800030a   0x00000002   PAD
    0x0800030c   0x0000001c   Code   RO          629    i.ESP8266_Clear     esp8266.o
    0x08000328   0x00000040   Code   RO          630    i.ESP8266_GetIPD    esp8266.o
    0x08000368   0x00000084   Code   RO          631    i.ESP8266_Init      esp8266.o
    0x080003ec   0x00000044   Code   RO          632    i.ESP8266_SendCmd   esp8266.o
    0x08000430   0x00000044   Code   RO          633    i.ESP8266_SendData  esp8266.o
    0x08000474   0x00000020   Code   RO          634    i.ESP8266_WaitRecive  esp8266.o
    0x08000494   0x00000024   Code   RO         2675    i.FLASH_MassErase   stm32f1xx_hal_flash_ex.o
    0x080004b8   0x00000024   Code   RO         2680    i.FLASH_PageErase   stm32f1xx_hal_flash_ex.o
    0x080004dc   0x0000001c   Code   RO         2572    i.FLASH_Program_HalfWord  stm32f1xx_hal_flash.o
    0x080004f8   0x0000005c   Code   RO         2573    i.FLASH_SetErrorCode  stm32f1xx_hal_flash.o
    0x08000554   0x00000054   Code   RO         2574    i.FLASH_WaitForLastOperation  stm32f1xx_hal_flash.o
    0x080005a8   0x00000044   Code   RO           13    i.GPIO_Configuration  lcd12864.o
    0x080005ec   0x00000098   Code   RO         2237    i.HAL_DMA_Abort_IT  stm32f1xx_hal_dma.o
    0x08000684   0x00000024   Code   RO         1864    i.HAL_Delay         stm32f1xx_hal.o
    0x080006a8   0x000000a8   Code   RO         2681    i.HAL_FLASHEx_Erase  stm32f1xx_hal_flash_ex.o
    0x08000750   0x00000014   Code   RO         2578    i.HAL_FLASH_Lock    stm32f1xx_hal_flash.o
    0x08000764   0x00000080   Code   RO         2583    i.HAL_FLASH_Program  stm32f1xx_hal_flash.o
    0x080007e4   0x00000028   Code   RO         2585    i.HAL_FLASH_Unlock  stm32f1xx_hal_flash.o
    0x0800080c   0x000001e0   Code   RO         2172    i.HAL_GPIO_Init     stm32f1xx_hal_gpio.o
    0x080009ec   0x0000000a   Code   RO         2174    i.HAL_GPIO_ReadPin  stm32f1xx_hal_gpio.o
    0x080009f6   0x0000000a   Code   RO         2176    i.HAL_GPIO_WritePin  stm32f1xx_hal_gpio.o
    0x08000a00   0x0000000c   Code   RO         1868    i.HAL_GetTick       stm32f1xx_hal.o
    0x08000a0c   0x00000010   Code   RO         1874    i.HAL_IncTick       stm32f1xx_hal.o
    0x08000a1c   0x00000024   Code   RO         1875    i.HAL_Init          stm32f1xx_hal.o
    0x08000a40   0x00000040   Code   RO         1876    i.HAL_InitTick      stm32f1xx_hal.o
    0x08000a80   0x0000003c   Code   RO          504    i.HAL_MspInit       stm32f1xx_hal_msp.o
    0x08000abc   0x0000008e   Code   RO         2839    i.HAL_MultiProcessor_Init  stm32f1xx_hal_uart.o
    0x08000b4a   0x0000001a   Code   RO         2332    i.HAL_NVIC_EnableIRQ  stm32f1xx_hal_cortex.o
    0x08000b64   0x00000040   Code   RO         2338    i.HAL_NVIC_SetPriority  stm32f1xx_hal_cortex.o
    0x08000ba4   0x00000024   Code   RO         2339    i.HAL_NVIC_SetPriorityGrouping  stm32f1xx_hal_cortex.o
    0x08000bc8   0x0000012c   Code   RO         2032    i.HAL_RCC_ClockConfig  stm32f1xx_hal_rcc.o
    0x08000cf4   0x00000020   Code   RO         2039    i.HAL_RCC_GetPCLK1Freq  stm32f1xx_hal_rcc.o
    0x08000d14   0x00000020   Code   RO         2040    i.HAL_RCC_GetPCLK2Freq  stm32f1xx_hal_rcc.o
    0x08000d34   0x0000006c   Code   RO         2041    i.HAL_RCC_GetSysClockFreq  stm32f1xx_hal_rcc.o
    0x08000da0   0x00000320   Code   RO         2044    i.HAL_RCC_OscConfig  stm32f1xx_hal_rcc.o
    0x080010c0   0x00000028   Code   RO         2343    i.HAL_SYSTICK_Config  stm32f1xx_hal_cortex.o
    0x080010e8   0x00000002   Code   RO         1606    i.HAL_TIMEx_BreakCallback  stm32f1xx_hal_tim_ex.o
    0x080010ea   0x00000002   Code   RO         1607    i.HAL_TIMEx_CommutCallback  stm32f1xx_hal_tim_ex.o
    0x080010ec   0x00000042   Code   RO         1624    i.HAL_TIMEx_MasterConfigSynchronization  stm32f1xx_hal_tim_ex.o
    0x0800112e   0x00000036   Code   RO          931    i.HAL_TIM_Base_Init  stm32f1xx_hal_tim.o
    0x08001164   0x00000038   Code   RO          506    i.HAL_TIM_Base_MspInit  stm32f1xx_hal_msp.o
    0x0800119c   0x00000022   Code   RO          936    i.HAL_TIM_Base_Start_IT  stm32f1xx_hal_tim.o
    0x080011be   0x000000d6   Code   RO          940    i.HAL_TIM_ConfigClockSource  stm32f1xx_hal_tim.o
    0x08001294   0x00000002   Code   RO          960    i.HAL_TIM_IC_CaptureCallback  stm32f1xx_hal_tim.o
    0x08001296   0x00000166   Code   RO          974    i.HAL_TIM_IRQHandler  stm32f1xx_hal_tim.o
    0x080013fc   0x00000002   Code   RO          977    i.HAL_TIM_OC_DelayElapsedCallback  stm32f1xx_hal_tim.o
    0x080013fe   0x00000002   Code   RO         1004    i.HAL_TIM_PWM_PulseFinishedCallback  stm32f1xx_hal_tim.o
    0x08001400   0x000000cc   Code   RO          177    i.HAL_TIM_PeriodElapsedCallback  main.o
    0x080014cc   0x00000002   Code   RO         1017    i.HAL_TIM_TriggerCallback  stm32f1xx_hal_tim.o
    0x080014ce   0x00000002   Code   RO         2853    i.HAL_UART_ErrorCallback  stm32f1xx_hal_uart.o
    0x080014d0   0x0000000a   Code   RO         2855    i.HAL_UART_GetState  stm32f1xx_hal_uart.o
    0x080014da   0x00000002   PAD
    0x080014dc   0x00000110   Code   RO         2856    i.HAL_UART_IRQHandler  stm32f1xx_hal_uart.o
    0x080015ec   0x00000062   Code   RO         2857    i.HAL_UART_Init     stm32f1xx_hal_uart.o
    0x0800164e   0x00000002   PAD
    0x08001650   0x000000d8   Code   RO          508    i.HAL_UART_MspInit  stm32f1xx_hal_msp.o
    0x08001728   0x00000052   Code   RO         2862    i.HAL_UART_Receive_IT  stm32f1xx_hal_uart.o
    0x0800177a   0x00000002   PAD
    0x0800177c   0x00000180   Code   RO          178    i.HAL_UART_RxCpltCallback  main.o
    0x080018fc   0x000000ba   Code   RO         2865    i.HAL_UART_Transmit  stm32f1xx_hal_uart.o
    0x080019b6   0x0000003e   Code   RO         2867    i.HAL_UART_Transmit_IT  stm32f1xx_hal_uart.o
    0x080019f4   0x00000002   Code   RO         2868    i.HAL_UART_TxCpltCallback  stm32f1xx_hal_uart.o
    0x080019f6   0x00000002   Code   RO          415    i.HardFault_Handler  stm32f1xx_it.o
    0x080019f8   0x000000d4   Code   RO          179    i.Key_Dispose       main.o
    0x08001acc   0x0000017c   Code   RO          180    i.Key_assignment    main.o
    0x08001c48   0x00000036   Code   RO           14    i.LCD12864_Pos      lcd12864.o
    0x08001c7e   0x0000003c   Code   RO           15    i.LCD12864_int      lcd12864.o
    0x08001cba   0x00000002   PAD
    0x08001cbc   0x00000040   Code   RO           16    i.LCD12864_write    lcd12864.o
    0x08001cfc   0x00000016   Code   RO           17    i.LCD12864_writebyte  lcd12864.o
    0x08001d12   0x0000001c   Code   RO          707    i.MQTT_DeleteBuffer  mqttkit.o
    0x08001d2e   0x00000002   PAD
    0x08001d30   0x00000026   Code   RO          708    i.MQTT_DumpLength   mqttkit.o
    0x08001d56   0x00000052   Code   RO          709    i.MQTT_NewBuffer    mqttkit.o
    0x08001da8   0x0000007c   Code   RO          710    i.MQTT_PacketCmdResp  mqttkit.o
    0x08001e24   0x00000264   Code   RO          711    i.MQTT_PacketConnect  mqttkit.o
    0x08002088   0x0000002c   Code   RO          713    i.MQTT_PacketPing   mqttkit.o
    0x080020b4   0x00000154   Code   RO          714    i.MQTT_PacketPublish  mqttkit.o
    0x08002208   0x00000050   Code   RO          720    i.MQTT_PacketSaveData  mqttkit.o
    0x08002258   0x0000003e   Code   RO          723    i.MQTT_ReadLength   mqttkit.o
    0x08002296   0x00000082   Code   RO          724    i.MQTT_UnPacketCmd  mqttkit.o
    0x08002318   0x0000001a   Code   RO          725    i.MQTT_UnPacketConnectAck  mqttkit.o
    0x08002332   0x00000018   Code   RO          727    i.MQTT_UnPacketPublishAck  mqttkit.o
    0x0800234a   0x00000002   PAD
    0x0800234c   0x00000060   Code   RO          731    i.MQTT_UnPacketRecv  mqttkit.o
    0x080023ac   0x00000094   Code   RO          181    i.MX_GPIO_Init      main.o
    0x08002440   0x00000060   Code   RO          182    i.MX_TIM2_Init      main.o
    0x080024a0   0x00000002   Code   RO          416    i.MemManage_Handler  stm32f1xx_it.o
    0x080024a2   0x00000002   Code   RO          417    i.NMI_Handler       stm32f1xx_it.o
    0x080024a4   0x00000088   Code   RO          552    i.OneNet_DevLink    onenet.o
    0x0800252c   0x00000098   Code   RO          553    i.OneNet_FillBuf    onenet.o
    0x080025c4   0x0000002a   Code   RO          554    i.OneNet_Ping       onenet.o
    0x080025ee   0x00000002   PAD
    0x080025f0   0x000000b0   Code   RO          555    i.OneNet_RevPro     onenet.o
    0x080026a0   0x00000070   Code   RO          556    i.OneNet_SendData   onenet.o
    0x08002710   0x00000002   Code   RO          418    i.PendSV_Handler    stm32f1xx_it.o
    0x08002712   0x00000002   PAD
    0x08002714   0x00000060   Code   RO          183    i.Register          main.o
    0x08002774   0x00000002   Code   RO          419    i.SVC_Handler       stm32f1xx_it.o
    0x08002776   0x00000002   PAD
    0x08002778   0x00000120   Code   RO          184    i.Search            main.o
    0x08002898   0x0000006c   Code   RO          185    i.Single_Deletion   main.o
    0x08002904   0x00000004   Code   RO          420    i.SysTick_Handler   stm32f1xx_it.o
    0x08002908   0x00000058   Code   RO          187    i.SystemClock_Config  main.o
    0x08002960   0x00000048   Code   RO         3159    i.SystemInit        system_stm32f1xx.o
    0x080029a8   0x0000000c   Code   RO          421    i.TIM2_IRQHandler   stm32f1xx_it.o
    0x080029b4   0x0000006c   Code   RO         1019    i.TIM_Base_SetConfig  stm32f1xx_hal_tim.o
    0x08002a20   0x00000014   Code   RO         1030    i.TIM_ETR_SetConfig  stm32f1xx_hal_tim.o
    0x08002a34   0x00000010   Code   RO         1031    i.TIM_ITRx_SetConfig  stm32f1xx_hal_tim.o
    0x08002a44   0x00000022   Code   RO         1037    i.TIM_TI1_ConfigInputStage  stm32f1xx_hal_tim.o
    0x08002a66   0x00000024   Code   RO         1039    i.TIM_TI2_ConfigInputStage  stm32f1xx_hal_tim.o
    0x08002a8a   0x00000010   Code   RO         2870    i.UART_DMAAbortOnError  stm32f1xx_hal_uart.o
    0x08002a9a   0x0000001c   Code   RO         2880    i.UART_EndRxTransfer  stm32f1xx_hal_uart.o
    0x08002ab6   0x00000096   Code   RO         2882    i.UART_Receive_IT   stm32f1xx_hal_uart.o
    0x08002b4c   0x000000b8   Code   RO         2883    i.UART_SetConfig    stm32f1xx_hal_uart.o
    0x08002c04   0x00000062   Code   RO         2884    i.UART_Transmit_IT  stm32f1xx_hal_uart.o
    0x08002c66   0x00000064   Code   RO         2885    i.UART_WaitOnFlagUntilTimeout  stm32f1xx_hal_uart.o
    0x08002cca   0x00000002   PAD
    0x08002ccc   0x0000002c   Code   RO          635    i.USART1_IRQHandler  esp8266.o
    0x08002cf8   0x0000000c   Code   RO          422    i.USART2_IRQHandler  stm32f1xx_it.o
    0x08002d04   0x0000001c   Code   RO          188    i.UartData          main.o
    0x08002d20   0x00000002   Code   RO          423    i.UsageFault_Handler  stm32f1xx_it.o
    0x08002d22   0x00000002   PAD
    0x08002d24   0x0000003c   Code   RO          636    i.Usart1_Init       esp8266.o
    0x08002d60   0x00000014   Code   RO          637    i.Usart1_SendString  esp8266.o
    0x08002d74   0x000000b8   Code   RO          638    i.WIFI_CWJAP        esp8266.o
    0x08002e2c   0x00000034   Code   RO          189    i.Write_flsh_byte   main.o
    0x08002e60   0x00000028   Code   RO         3307    i.__0sprintf$3      mc_w.l(printf3.o)
    0x08002e88   0x00000020   Code   RO         2345    i.__NVIC_SetPriority  stm32f1xx_hal_cortex.o
    0x08002ea8   0x0000000e   Code   RO         3551    i.__scatterload_copy  mc_w.l(handlers.o)
    0x08002eb6   0x00000002   Code   RO         3552    i.__scatterload_null  mc_w.l(handlers.o)
    0x08002eb8   0x0000000e   Code   RO         3553    i.__scatterload_zeroinit  mc_w.l(handlers.o)
    0x08002ec6   0x00000002   PAD
    0x08002ec8   0x000001b8   Code   RO         3312    i._printf_core      mc_w.l(printf3.o)
    0x08003080   0x0000000a   Code   RO         3314    i._sputc            mc_w.l(printf3.o)
    0x0800308a   0x00000008   Code   RO           18    i.delay100us        lcd12864.o
    0x08003092   0x00000008   Code   RO           19    i.delay20ms         lcd12864.o
    0x0800309a   0x00000002   PAD
    0x0800309c   0x00000bd4   Code   RO          190    i.display           main.o
    0x08003c70   0x00000050   Code   RO         3477    i.free              mc_w.l(malloc.o)
    0x08003cc0   0x000003ac   Code   RO          191    i.key_data_dispose  main.o
    0x0800406c   0x0000027c   Code   RO          192    i.main              main.o
    0x080042e8   0x0000006c   Code   RO         3478    i.malloc            mc_w.l(malloc.o)
    0x08004354   0x0000005c   Code   RO          193    i.memory            main.o
    0x080043b0   0x00000044   Code   RO          195    i.read_memory       main.o
    0x080043f4   0x00000038   Code   RO           20    i.send_cmd          lcd12864.o
    0x0800442c   0x00000068   Code   RO           22    i.spi_function      lcd12864.o
    0x08004494   0x00000010   Data   RO         3160    .constdata          system_stm32f1xx.o
    0x080044a4   0x00000008   Data   RO         3161    .constdata          system_stm32f1xx.o
    0x080044ac   0x00000020   Data   RO         3549    Region$$Table       anon$$obj.o


    Execution Region RW_IRAM1 (Base: 0x20000000, Size: 0x00000bc0, Max: 0x00005000, ABSOLUTE)

    Base Addr    Size         Type   Attr      Idx    E Section Name        Object

    0x20000000   0x0000003a   Data   RW          199    .data               main.o
    0x2000003a   0x00000001   Data   RW          558    .data               onenet.o
    0x2000003b   0x00000001   PAD
    0x2000003c   0x00000006   Data   RW          640    .data               esp8266.o
    0x20000042   0x00000002   PAD
    0x20000044   0x0000000c   Data   RW         1882    .data               stm32f1xx_hal.o
    0x20000050   0x00000004   Data   RW         3162    .data               system_stm32f1xx.o
    0x20000054   0x00000004   Data   RW         3526    .data               mc_w.l(mvars.o)
    0x20000058   0x00000004   Data   RW         3527    .data               mc_w.l(mvars.o)
    0x2000005c   0x00000480   Zero   RW          196    .bss                main.o
    0x200004dc   0x000000c0   Zero   RW          639    .bss                esp8266.o
    0x2000059c   0x00000004   PAD
    0x200005a0   0x00000020   Zero   RW         2586    .bss                stm32f1xx_hal_flash.o
    0x200005c0   0x00000200   Zero   RW            2    HEAP                startup_stm32f10x_hd.o
    0x200007c0   0x00000400   Zero   RW            1    STACK               startup_stm32f10x_hd.o


==============================================================================

Image component sizes


      Code (inc. data)   RO Data    RW Data    ZI Data      Debug   Object Name

       700        224          0          6        192       6571   esp8266.o
       444         20          0          0          0     432878   lcd12864.o
      6926       1068          0         58       1152     436518   main.o
      1686         30          0          0          0      13189   mqttkit.o
       618        124          0          1          0       5477   onenet.o
        36          8        304          0       1536        808   startup_stm32f10x_hd.o
       164         28          0         12          0       5913   stm32f1xx_hal.o
       198         14          0          0          0      28959   stm32f1xx_hal_cortex.o
       152          4          0          0          0       1107   stm32f1xx_hal_dma.o
       392         46          0          0         32       4746   stm32f1xx_hal_flash.o
       240         26          0          0          0       3253   stm32f1xx_hal_flash_ex.o
       500         34          0          0          0       3527   stm32f1xx_hal_gpio.o
       332         32          0          0          0       2276   stm32f1xx_hal_msp.o
      1272        100          0          0          0       5212   stm32f1xx_hal_rcc.o
       882         14          0          0          0       9593   stm32f1xx_hal_tim.o
        70          0          0          0          0       2365   stm32f1xx_hal_tim_ex.o
      1432         12          0          0          0      11520   stm32f1xx_hal_uart.o
        44         12          0          0          0       4672   stm32f1xx_it.o
        72         16         24          4          0       1163   system_stm32f1xx.o

    ----------------------------------------------------------------------
     16186       1812        360         84       2916     979747   Object Totals
         0          0         32          0          0          0   (incl. Generated)
        26          0          0          3          4          0   (incl. Padding)

    ----------------------------------------------------------------------

      Code (inc. data)   RO Data    RW Data    ZI Data      Debug   Library Member Name

         0          0          0          0          0          0   entry.o
         0          0          0          0          0          0   entry10a.o
         0          0          0          0          0          0   entry11a.o
         8          4          0          0          0          0   entry2.o
         4          0          0          0          0          0   entry5.o
         0          0          0          0          0          0   entry7b.o
         0          0          0          0          0          0   entry8b.o
         8          4          0          0          0          0   entry9a.o
        30          0          0          0          0          0   handlers.o
        36          8          0          0          0         68   init.o
        32          0          0          0          0         68   llushr.o
       188         20          0          0          0        160   malloc.o
        36          0          0          0          0         68   memcpya.o
        36          0          0          0          0        108   memseta.o
         0          0          0          8          0          0   mvars.o
       490         10          0          0          0        252   printf3.o
        24          0          0          0          0         68   strcat.o
        20          0          0          0          0         68   strchr.o
        18          0          0          0          0         68   strcpy.o
        14          0          0          0          0         68   strlen.o
        40          0          0          0          0         76   strncat.o
        36          0          0          0          0         80   strstr.o
        44          0          0          0          0         80   uidiv.o

    ----------------------------------------------------------------------
      1066         46          0          8          0       1232   Library Totals
         2          0          0          0          0          0   (incl. Padding)

    ----------------------------------------------------------------------

      Code (inc. data)   RO Data    RW Data    ZI Data      Debug   Library Name

      1064         46          0          8          0       1232   mc_w.l

    ----------------------------------------------------------------------
      1066         46          0          8          0       1232   Library Totals

    ----------------------------------------------------------------------

==============================================================================


      Code (inc. data)   RO Data    RW Data    ZI Data      Debug   

     17252       1858        360         92       2916     974007   Grand Totals
     17252       1858        360         92       2916     974007   ELF Image Totals
     17252       1858        360         92          0          0   ROM Totals

==============================================================================

    Total RO  Size (Code + RO Data)                17612 (  17.20kB)
    Total RW  Size (RW Data + ZI Data)              3008 (   2.94kB)
    Total ROM Size (Code + RO Data + RW Data)      17704 (  17.29kB)

==============================================================================

